Archive member included because of file (symbol)

C:\Users\jincy\Desktop\PROJECT\workingcode_obstacle\CMSISv2p00_LPC17xx\Debug\libCMSISv2p00_LPC17xx.a(system_LPC17xx.o)
                              ./src/cr_startup_lpc176x.o (SystemInit)
c:/nxp/lpcxpresso_7.3.0_186/lpcxpresso/tools/bin/../lib/gcc/arm-none-eabi/4.8.4/../../../../arm-none-eabi/lib/armv7-m\libcr_c.a(memset.o)
                              ./src/indooor_nav_main.o (memset)
c:/nxp/lpcxpresso_7.3.0_186/lpcxpresso/tools/bin/../lib/gcc/arm-none-eabi/4.8.4/../../../../arm-none-eabi/lib/armv7-m\libcr_c.a(__weak__main.o)
                              ./src/cr_startup_lpc176x.o (__main)
c:/nxp/lpcxpresso_7.3.0_186/lpcxpresso/tools/bin/../lib/gcc/arm-none-eabi/4.8.4/../../../../arm-none-eabi/lib/armv7-m\libcr_c.a(atan2.o)
                              ./src/lsm303.o (atan2)
c:/nxp/lpcxpresso_7.3.0_186/lpcxpresso/tools/bin/../lib/gcc/arm-none-eabi/4.8.4/../../../../arm-none-eabi/lib/armv7-m\libcr_c.a(errno.o)
                              c:/nxp/lpcxpresso_7.3.0_186/lpcxpresso/tools/bin/../lib/gcc/arm-none-eabi/4.8.4/../../../../arm-none-eabi/lib/armv7-m\libcr_c.a(atan2.o) (errno)
c:/nxp/lpcxpresso_7.3.0_186/lpcxpresso/tools/bin/../lib/gcc/arm-none-eabi/4.8.4/../../../../arm-none-eabi/lib/armv7-m\libcr_c.a(fabs.o)
                              c:/nxp/lpcxpresso_7.3.0_186/lpcxpresso/tools/bin/../lib/gcc/arm-none-eabi/4.8.4/../../../../arm-none-eabi/lib/armv7-m\libcr_c.a(atan2.o) (fabs)
c:/nxp/lpcxpresso_7.3.0_186/lpcxpresso/tools/bin/../lib/gcc/arm-none-eabi/4.8.4/../../../../arm-none-eabi/lib/armv7-m\libcr_c.a(pow.o)
                              ./src/functions.o (pow)
c:/nxp/lpcxpresso_7.3.0_186/lpcxpresso/tools/bin/../lib/gcc/arm-none-eabi/4.8.4/../../../../arm-none-eabi/lib/armv7-m\libcr_c.a(_hugeval.o)
                              c:/nxp/lpcxpresso_7.3.0_186/lpcxpresso/tools/bin/../lib/gcc/arm-none-eabi/4.8.4/../../../../arm-none-eabi/lib/armv7-m\libcr_c.a(atan2.o) (__huge_val)
c:/nxp/lpcxpresso_7.3.0_186/lpcxpresso/tools/bin/../lib/gcc/arm-none-eabi/4.8.4/../../../../arm-none-eabi/lib/armv7-m\libcr_c.a(atan.o)
                              c:/nxp/lpcxpresso_7.3.0_186/lpcxpresso/tools/bin/../lib/gcc/arm-none-eabi/4.8.4/../../../../arm-none-eabi/lib/armv7-m\libcr_c.a(atan2.o) (atan)
c:/nxp/lpcxpresso_7.3.0_186/lpcxpresso/tools/bin/../lib/gcc/arm-none-eabi/4.8.4/../../../../arm-none-eabi/lib/armv7-m\libcr_c.a(frexp.o)
                              c:/nxp/lpcxpresso_7.3.0_186/lpcxpresso/tools/bin/../lib/gcc/arm-none-eabi/4.8.4/../../../../arm-none-eabi/lib/armv7-m\libcr_c.a(pow.o) (frexp)
c:/nxp/lpcxpresso_7.3.0_186/lpcxpresso/tools/bin/../lib/gcc/arm-none-eabi/4.8.4/../../../../arm-none-eabi/lib/armv7-m\libcr_c.a(ldexp.o)
                              c:/nxp/lpcxpresso_7.3.0_186/lpcxpresso/tools/bin/../lib/gcc/arm-none-eabi/4.8.4/../../../../arm-none-eabi/lib/armv7-m\libcr_c.a(pow.o) (ldexp)
c:/nxp/lpcxpresso_7.3.0_186/lpcxpresso/tools/bin/../lib/gcc/arm-none-eabi/4.8.4/armv7-m\libcr_eabihelpers.a(division_64.o)
                              C:\Users\jincy\Desktop\PROJECT\workingcode_obstacle\CMSISv2p00_LPC17xx\Debug\libCMSISv2p00_LPC17xx.a(system_LPC17xx.o) (__aeabi_uldivmod)
c:/nxp/lpcxpresso_7.3.0_186/lpcxpresso/tools/bin/../lib/gcc/arm-none-eabi/4.8.4/armv7-m\libcr_eabihelpers.a(division_idiv0.o)
                              c:/nxp/lpcxpresso_7.3.0_186/lpcxpresso/tools/bin/../lib/gcc/arm-none-eabi/4.8.4/armv7-m\libcr_eabihelpers.a(division_64.o) (__aeabi_idiv0)
c:/nxp/lpcxpresso_7.3.0_186/lpcxpresso/tools/bin/../lib/gcc/arm-none-eabi/4.8.4/armv7-m\libcr_eabihelpers.a(double.o)
                              ./src/functions.o (__aeabi_dmul)
c:/nxp/lpcxpresso_7.3.0_186/lpcxpresso/tools/bin/../lib/gcc/arm-none-eabi/4.8.4/armv7-m\libcr_eabihelpers.a(float.o)
                              ./src/lsm303.o (__aeabi_fdiv)
c:/nxp/lpcxpresso_7.3.0_186/lpcxpresso/tools/bin/../lib/gcc/arm-none-eabi/4.8.4/armv7-m\libcr_eabihelpers.a(memcpy.o)
                              c:/nxp/lpcxpresso_7.3.0_186/lpcxpresso/tools/bin/../lib/gcc/arm-none-eabi/4.8.4/../../../../arm-none-eabi/lib/armv7-m\libcr_c.a(memset.o) (__aeabi_lowlevel_memset)

Allocating common symbols
Common symbol       size              file

I2CReadLength       0xc               ./src/i2c.o
I2CSlaveBuffer      0xc0              ./src/i2c.o
i                   0x4               ./src/lsm303.o
I2CMasterBuffer     0xc0              ./src/i2c.o
I2CWriteLength      0xc               ./src/i2c.o

Discarded input sections

 .group         0x00000000        0x8 ./src/cr_startup_lpc176x.o
 .group         0x00000000        0x8 ./src/cr_startup_lpc176x.o
 .group         0x00000000        0x8 ./src/cr_startup_lpc176x.o
 .group         0x00000000        0x8 ./src/cr_startup_lpc176x.o
 .text          0x00000000        0x0 ./src/cr_startup_lpc176x.o
 .data          0x00000000        0x0 ./src/cr_startup_lpc176x.o
 .bss           0x00000000        0x0 ./src/cr_startup_lpc176x.o
 .group         0x00000000        0x8 ./src/display_func.o
 .group         0x00000000        0x8 ./src/display_func.o
 .group         0x00000000        0x8 ./src/display_func.o
 .group         0x00000000        0x8 ./src/display_func.o
 .group         0x00000000        0x8 ./src/display_func.o
 .group         0x00000000        0x8 ./src/display_func.o
 .group         0x00000000        0x8 ./src/display_func.o
 .group         0x00000000        0x8 ./src/display_func.o
 .group         0x00000000        0x8 ./src/display_func.o
 .group         0x00000000        0x8 ./src/display_func.o
 .group         0x00000000        0x8 ./src/display_func.o
 .text          0x00000000        0x0 ./src/display_func.o
 .data          0x00000000        0x0 ./src/display_func.o
 .bss           0x00000000        0x0 ./src/display_func.o
 .text.print_hex_in_ascii_16
                0x00000000       0xe4 ./src/display_func.o
 .text.binary_to_dec
                0x00000000       0x6c ./src/display_func.o
 .text.print_hex_in_ascii
                0x00000000       0xe4 ./src/display_func.o
 .debug_macro   0x00000000       0x10 ./src/display_func.o
 .debug_macro   0x00000000      0x122 ./src/display_func.o
 .debug_macro   0x00000000      0x5b9 ./src/display_func.o
 .group         0x00000000        0x8 ./src/functions.o
 .group         0x00000000        0x8 ./src/functions.o
 .group         0x00000000        0x8 ./src/functions.o
 .group         0x00000000        0x8 ./src/functions.o
 .group         0x00000000        0x8 ./src/functions.o
 .group         0x00000000        0x8 ./src/functions.o
 .group         0x00000000        0x8 ./src/functions.o
 .group         0x00000000        0x8 ./src/functions.o
 .group         0x00000000        0x8 ./src/functions.o
 .group         0x00000000        0x8 ./src/functions.o
 .group         0x00000000        0x8 ./src/functions.o
 .text          0x00000000        0x0 ./src/functions.o
 .data          0x00000000        0x0 ./src/functions.o
 .bss           0x00000000        0x0 ./src/functions.o
 .text.GPIOGetValue
                0x00000000       0x54 ./src/functions.o
 .text.delay    0x00000000       0x28 ./src/functions.o
 .text.delay_ms
                0x00000000       0x3c ./src/functions.o
 .text.led_on   0x00000000       0x18 ./src/functions.o
 .text.led_off  0x00000000       0x18 ./src/functions.o
 .text.hexadecimalToDecimal
                0x00000000      0x114 ./src/functions.o
 .text.disp_acc
                0x00000000      0x1c4 ./src/functions.o
 .debug_macro   0x00000000      0x856 ./src/functions.o
 .debug_macro   0x00000000       0x1c ./src/functions.o
 .debug_macro   0x00000000       0x2e ./src/functions.o
 .debug_macro   0x00000000       0x10 ./src/functions.o
 .debug_macro   0x00000000      0x122 ./src/functions.o
 .debug_macro   0x00000000      0x5b9 ./src/functions.o
 .debug_macro   0x00000000       0x18 ./src/functions.o
 .debug_macro   0x00000000      0x7af ./src/functions.o
 .debug_macro   0x00000000      0x2c7 ./src/functions.o
 .debug_macro   0x00000000       0x65 ./src/functions.o
 .debug_macro   0x00000000       0xc4 ./src/functions.o
 .group         0x00000000        0x8 ./src/i2c.o
 .group         0x00000000        0x8 ./src/i2c.o
 .group         0x00000000        0x8 ./src/i2c.o
 .group         0x00000000        0x8 ./src/i2c.o
 .group         0x00000000        0x8 ./src/i2c.o
 .group         0x00000000        0x8 ./src/i2c.o
 .group         0x00000000        0x8 ./src/i2c.o
 .group         0x00000000        0x8 ./src/i2c.o
 .group         0x00000000        0x8 ./src/i2c.o
 .group         0x00000000        0x8 ./src/i2c.o
 .group         0x00000000        0x8 ./src/i2c.o
 .text          0x00000000        0x0 ./src/i2c.o
 .data          0x00000000        0x0 ./src/i2c.o
 .text.I2CStop  0x00000000       0x48 ./src/i2c.o
 .text.I2C0Init
                0x00000000       0x68 ./src/i2c.o
 .text.I2C2Init
                0x00000000       0x80 ./src/i2c.o
 .debug_macro   0x00000000      0x856 ./src/i2c.o
 .debug_macro   0x00000000       0x2e ./src/i2c.o
 .debug_macro   0x00000000       0x10 ./src/i2c.o
 .debug_macro   0x00000000      0x122 ./src/i2c.o
 .debug_macro   0x00000000      0x5b9 ./src/i2c.o
 .debug_macro   0x00000000       0x18 ./src/i2c.o
 .debug_macro   0x00000000      0x7af ./src/i2c.o
 .debug_macro   0x00000000       0x65 ./src/i2c.o
 .group         0x00000000        0x8 ./src/indooor_nav_main.o
 .group         0x00000000        0x8 ./src/indooor_nav_main.o
 .group         0x00000000        0x8 ./src/indooor_nav_main.o
 .group         0x00000000        0x8 ./src/indooor_nav_main.o
 .group         0x00000000        0x8 ./src/indooor_nav_main.o
 .group         0x00000000        0x8 ./src/indooor_nav_main.o
 .group         0x00000000        0x8 ./src/indooor_nav_main.o
 .group         0x00000000        0x8 ./src/indooor_nav_main.o
 .group         0x00000000        0x8 ./src/indooor_nav_main.o
 .group         0x00000000        0x8 ./src/indooor_nav_main.o
 .group         0x00000000        0x8 ./src/indooor_nav_main.o
 .group         0x00000000        0x8 ./src/indooor_nav_main.o
 .group         0x00000000        0x8 ./src/indooor_nav_main.o
 .group         0x00000000        0x8 ./src/indooor_nav_main.o
 .group         0x00000000        0x8 ./src/indooor_nav_main.o
 .text          0x00000000        0x0 ./src/indooor_nav_main.o
 .debug_macro   0x00000000      0x856 ./src/indooor_nav_main.o
 .debug_macro   0x00000000       0x10 ./src/indooor_nav_main.o
 .debug_macro   0x00000000      0x122 ./src/indooor_nav_main.o
 .debug_macro   0x00000000      0x5b9 ./src/indooor_nav_main.o
 .debug_macro   0x00000000       0x1c ./src/indooor_nav_main.o
 .debug_macro   0x00000000       0x2e ./src/indooor_nav_main.o
 .debug_macro   0x00000000       0x18 ./src/indooor_nav_main.o
 .debug_macro   0x00000000      0x7af ./src/indooor_nav_main.o
 .debug_macro   0x00000000      0x2c7 ./src/indooor_nav_main.o
 .debug_macro   0x00000000       0xe8 ./src/indooor_nav_main.o
 .debug_macro   0x00000000       0xc4 ./src/indooor_nav_main.o
 .group         0x00000000        0x8 ./src/lsm303.o
 .group         0x00000000        0x8 ./src/lsm303.o
 .group         0x00000000        0x8 ./src/lsm303.o
 .group         0x00000000        0x8 ./src/lsm303.o
 .group         0x00000000        0x8 ./src/lsm303.o
 .group         0x00000000        0x8 ./src/lsm303.o
 .group         0x00000000        0x8 ./src/lsm303.o
 .group         0x00000000        0x8 ./src/lsm303.o
 .group         0x00000000        0x8 ./src/lsm303.o
 .group         0x00000000        0x8 ./src/lsm303.o
 .group         0x00000000        0x8 ./src/lsm303.o
 .group         0x00000000        0x8 ./src/lsm303.o
 .group         0x00000000        0x8 ./src/lsm303.o
 .group         0x00000000        0x8 ./src/lsm303.o
 .text          0x00000000        0x0 ./src/lsm303.o
 .data          0x00000000        0x0 ./src/lsm303.o
 .bss           0x00000000        0x0 ./src/lsm303.o
 .rodata        0x00000000        0xc ./src/lsm303.o
 .text.EX_LSM303A_READ
                0x00000000       0x94 ./src/lsm303.o
 .text.EX_LSM303M_READ
                0x00000000       0x94 ./src/lsm303.o
 .text.magnetometer_reading
                0x00000000       0xec ./src/lsm303.o
 .text.accelerometer_reading
                0x00000000       0xcc ./src/lsm303.o
 .text.callibrate_acc
                0x00000000       0xf8 ./src/lsm303.o
 .text.motion_check
                0x00000000       0x70 ./src/lsm303.o
 .debug_macro   0x00000000      0x856 ./src/lsm303.o
 .debug_macro   0x00000000       0x1c ./src/lsm303.o
 .debug_macro   0x00000000       0x2e ./src/lsm303.o
 .debug_macro   0x00000000       0x10 ./src/lsm303.o
 .debug_macro   0x00000000      0x122 ./src/lsm303.o
 .debug_macro   0x00000000      0x5b9 ./src/lsm303.o
 .debug_macro   0x00000000       0x18 ./src/lsm303.o
 .debug_macro   0x00000000      0x7af ./src/lsm303.o
 .debug_macro   0x00000000      0x2c7 ./src/lsm303.o
 .debug_macro   0x00000000       0x65 ./src/lsm303.o
 .debug_macro   0x00000000       0xe8 ./src/lsm303.o
 .debug_macro   0x00000000      0x12a ./src/lsm303.o
 .debug_macro   0x00000000       0xc4 ./src/lsm303.o
 .group         0x00000000        0x8 ./src/motor_and_encoder.o
 .group         0x00000000        0x8 ./src/motor_and_encoder.o
 .group         0x00000000        0x8 ./src/motor_and_encoder.o
 .group         0x00000000        0x8 ./src/motor_and_encoder.o
 .group         0x00000000        0x8 ./src/motor_and_encoder.o
 .group         0x00000000        0x8 ./src/motor_and_encoder.o
 .group         0x00000000        0x8 ./src/motor_and_encoder.o
 .group         0x00000000        0x8 ./src/motor_and_encoder.o
 .group         0x00000000        0x8 ./src/motor_and_encoder.o
 .group         0x00000000        0x8 ./src/motor_and_encoder.o
 .group         0x00000000        0x8 ./src/motor_and_encoder.o
 .group         0x00000000        0x8 ./src/motor_and_encoder.o
 .group         0x00000000        0x8 ./src/motor_and_encoder.o
 .group         0x00000000        0x8 ./src/motor_and_encoder.o
 .group         0x00000000        0x8 ./src/motor_and_encoder.o
 .text          0x00000000        0x0 ./src/motor_and_encoder.o
 .data          0x00000000        0x0 ./src/motor_and_encoder.o
 .bss           0x00000000        0x0 ./src/motor_and_encoder.o
 .text.forward  0x00000000       0x80 ./src/motor_and_encoder.o
 .text.back     0x00000000       0xb0 ./src/motor_and_encoder.o
 .text.updownleft
                0x00000000       0x8c ./src/motor_and_encoder.o
 .text.updownright
                0x00000000       0x8c ./src/motor_and_encoder.o
 .text.bottom   0x00000000       0x8c ./src/motor_and_encoder.o
 .text.pick     0x00000000       0x8c ./src/motor_and_encoder.o
 .debug_macro   0x00000000      0x856 ./src/motor_and_encoder.o
 .debug_macro   0x00000000       0x10 ./src/motor_and_encoder.o
 .debug_macro   0x00000000      0x122 ./src/motor_and_encoder.o
 .debug_macro   0x00000000      0x5b9 ./src/motor_and_encoder.o
 .debug_macro   0x00000000       0x5f ./src/motor_and_encoder.o
 .debug_macro   0x00000000       0x82 ./src/motor_and_encoder.o
 .debug_macro   0x00000000       0x34 ./src/motor_and_encoder.o
 .debug_macro   0x00000000       0x1c ./src/motor_and_encoder.o
 .debug_macro   0x00000000       0x2e ./src/motor_and_encoder.o
 .debug_macro   0x00000000       0x18 ./src/motor_and_encoder.o
 .debug_macro   0x00000000      0x7af ./src/motor_and_encoder.o
 .debug_macro   0x00000000      0x2c7 ./src/motor_and_encoder.o
 .debug_macro   0x00000000       0xe8 ./src/motor_and_encoder.o
 .debug_macro   0x00000000      0x12a ./src/motor_and_encoder.o
 .debug_macro   0x00000000       0xc4 ./src/motor_and_encoder.o
 .group         0x00000000        0x8 ./src/uart1.o
 .group         0x00000000        0x8 ./src/uart1.o
 .group         0x00000000        0x8 ./src/uart1.o
 .group         0x00000000        0x8 ./src/uart1.o
 .group         0x00000000        0x8 ./src/uart1.o
 .group         0x00000000        0x8 ./src/uart1.o
 .group         0x00000000        0x8 ./src/uart1.o
 .group         0x00000000        0x8 ./src/uart1.o
 .group         0x00000000        0x8 ./src/uart1.o
 .text          0x00000000        0x0 ./src/uart1.o
 .data          0x00000000        0x0 ./src/uart1.o
 .bss           0x00000000        0x0 ./src/uart1.o
 .text.UART1_Getchar
                0x00000000       0x30 ./src/uart1.o
 .debug_macro   0x00000000      0x856 ./src/uart1.o
 .debug_macro   0x00000000       0x1c ./src/uart1.o
 .debug_macro   0x00000000       0x2e ./src/uart1.o
 .debug_macro   0x00000000       0x10 ./src/uart1.o
 .debug_macro   0x00000000      0x122 ./src/uart1.o
 .debug_macro   0x00000000      0x5b9 ./src/uart1.o
 .debug_macro   0x00000000       0x18 ./src/uart1.o
 .debug_macro   0x00000000      0x7af ./src/uart1.o
 .debug_macro   0x00000000      0x2c7 ./src/uart1.o
 .group         0x00000000        0x8 ./src/ultrasonic.o
 .group         0x00000000        0x8 ./src/ultrasonic.o
 .group         0x00000000        0x8 ./src/ultrasonic.o
 .group         0x00000000        0x8 ./src/ultrasonic.o
 .group         0x00000000        0x8 ./src/ultrasonic.o
 .group         0x00000000        0x8 ./src/ultrasonic.o
 .group         0x00000000        0x8 ./src/ultrasonic.o
 .group         0x00000000        0x8 ./src/ultrasonic.o
 .group         0x00000000        0x8 ./src/ultrasonic.o
 .group         0x00000000        0x8 ./src/ultrasonic.o
 .group         0x00000000        0x8 ./src/ultrasonic.o
 .group         0x00000000        0x8 ./src/ultrasonic.o
 .group         0x00000000        0x8 ./src/ultrasonic.o
 .group         0x00000000        0x8 ./src/ultrasonic.o
 .group         0x00000000        0x8 ./src/ultrasonic.o
 .text          0x00000000        0x0 ./src/ultrasonic.o
 .data          0x00000000        0x0 ./src/ultrasonic.o
 .bss           0x00000000        0x0 ./src/ultrasonic.o
 .rodata        0x00000000        0xc ./src/ultrasonic.o
 .debug_macro   0x00000000      0x856 ./src/ultrasonic.o
 .debug_macro   0x00000000       0x10 ./src/ultrasonic.o
 .debug_macro   0x00000000      0x122 ./src/ultrasonic.o
 .debug_macro   0x00000000      0x5b9 ./src/ultrasonic.o
 .debug_macro   0x00000000       0x5f ./src/ultrasonic.o
 .debug_macro   0x00000000       0x82 ./src/ultrasonic.o
 .debug_macro   0x00000000       0x34 ./src/ultrasonic.o
 .debug_macro   0x00000000       0x1c ./src/ultrasonic.o
 .debug_macro   0x00000000       0x2e ./src/ultrasonic.o
 .debug_macro   0x00000000       0x18 ./src/ultrasonic.o
 .debug_macro   0x00000000      0x7af ./src/ultrasonic.o
 .debug_macro   0x00000000      0x2c7 ./src/ultrasonic.o
 .debug_macro   0x00000000       0xe8 ./src/ultrasonic.o
 .debug_macro   0x00000000      0x12a ./src/ultrasonic.o
 .debug_macro   0x00000000       0xc4 ./src/ultrasonic.o
 .group         0x00000000        0x8 C:\Users\jincy\Desktop\PROJECT\workingcode_obstacle\CMSISv2p00_LPC17xx\Debug\libCMSISv2p00_LPC17xx.a(system_LPC17xx.o)
 .group         0x00000000        0x8 C:\Users\jincy\Desktop\PROJECT\workingcode_obstacle\CMSISv2p00_LPC17xx\Debug\libCMSISv2p00_LPC17xx.a(system_LPC17xx.o)
 .group         0x00000000        0x8 C:\Users\jincy\Desktop\PROJECT\workingcode_obstacle\CMSISv2p00_LPC17xx\Debug\libCMSISv2p00_LPC17xx.a(system_LPC17xx.o)
 .group         0x00000000        0x8 C:\Users\jincy\Desktop\PROJECT\workingcode_obstacle\CMSISv2p00_LPC17xx\Debug\libCMSISv2p00_LPC17xx.a(system_LPC17xx.o)
 .group         0x00000000        0x8 C:\Users\jincy\Desktop\PROJECT\workingcode_obstacle\CMSISv2p00_LPC17xx\Debug\libCMSISv2p00_LPC17xx.a(system_LPC17xx.o)
 .group         0x00000000        0x8 C:\Users\jincy\Desktop\PROJECT\workingcode_obstacle\CMSISv2p00_LPC17xx\Debug\libCMSISv2p00_LPC17xx.a(system_LPC17xx.o)
 .group         0x00000000        0x8 C:\Users\jincy\Desktop\PROJECT\workingcode_obstacle\CMSISv2p00_LPC17xx\Debug\libCMSISv2p00_LPC17xx.a(system_LPC17xx.o)
 .group         0x00000000        0x8 C:\Users\jincy\Desktop\PROJECT\workingcode_obstacle\CMSISv2p00_LPC17xx\Debug\libCMSISv2p00_LPC17xx.a(system_LPC17xx.o)
 .group         0x00000000        0x8 C:\Users\jincy\Desktop\PROJECT\workingcode_obstacle\CMSISv2p00_LPC17xx\Debug\libCMSISv2p00_LPC17xx.a(system_LPC17xx.o)
 .text          0x00000000        0x0 C:\Users\jincy\Desktop\PROJECT\workingcode_obstacle\CMSISv2p00_LPC17xx\Debug\libCMSISv2p00_LPC17xx.a(system_LPC17xx.o)
 .data          0x00000000        0x0 C:\Users\jincy\Desktop\PROJECT\workingcode_obstacle\CMSISv2p00_LPC17xx\Debug\libCMSISv2p00_LPC17xx.a(system_LPC17xx.o)
 .bss           0x00000000        0x0 C:\Users\jincy\Desktop\PROJECT\workingcode_obstacle\CMSISv2p00_LPC17xx\Debug\libCMSISv2p00_LPC17xx.a(system_LPC17xx.o)
 .text.SystemCoreClockUpdate
                0x00000000       0xb0 C:\Users\jincy\Desktop\PROJECT\workingcode_obstacle\CMSISv2p00_LPC17xx\Debug\libCMSISv2p00_LPC17xx.a(system_LPC17xx.o)
 .debug_macro   0x00000000       0x10 C:\Users\jincy\Desktop\PROJECT\workingcode_obstacle\CMSISv2p00_LPC17xx\Debug\libCMSISv2p00_LPC17xx.a(system_LPC17xx.o)
 .debug_macro   0x00000000      0x122 C:\Users\jincy\Desktop\PROJECT\workingcode_obstacle\CMSISv2p00_LPC17xx\Debug\libCMSISv2p00_LPC17xx.a(system_LPC17xx.o)
 .debug_macro   0x00000000      0x5b9 C:\Users\jincy\Desktop\PROJECT\workingcode_obstacle\CMSISv2p00_LPC17xx\Debug\libCMSISv2p00_LPC17xx.a(system_LPC17xx.o)
 .debug_macro   0x00000000       0x1c C:\Users\jincy\Desktop\PROJECT\workingcode_obstacle\CMSISv2p00_LPC17xx\Debug\libCMSISv2p00_LPC17xx.a(system_LPC17xx.o)
 .debug_macro   0x00000000       0x2e C:\Users\jincy\Desktop\PROJECT\workingcode_obstacle\CMSISv2p00_LPC17xx\Debug\libCMSISv2p00_LPC17xx.a(system_LPC17xx.o)
 .debug_macro   0x00000000       0x18 C:\Users\jincy\Desktop\PROJECT\workingcode_obstacle\CMSISv2p00_LPC17xx\Debug\libCMSISv2p00_LPC17xx.a(system_LPC17xx.o)
 .debug_macro   0x00000000      0x7af C:\Users\jincy\Desktop\PROJECT\workingcode_obstacle\CMSISv2p00_LPC17xx\Debug\libCMSISv2p00_LPC17xx.a(system_LPC17xx.o)
 .debug_macro   0x00000000      0x2c7 C:\Users\jincy\Desktop\PROJECT\workingcode_obstacle\CMSISv2p00_LPC17xx\Debug\libCMSISv2p00_LPC17xx.a(system_LPC17xx.o)
 .text          0x00000000        0x0 c:/nxp/lpcxpresso_7.3.0_186/lpcxpresso/tools/bin/../lib/gcc/arm-none-eabi/4.8.4/../../../../arm-none-eabi/lib/armv7-m\libcr_c.a(memset.o)
 .data          0x00000000        0x0 c:/nxp/lpcxpresso_7.3.0_186/lpcxpresso/tools/bin/../lib/gcc/arm-none-eabi/4.8.4/../../../../arm-none-eabi/lib/armv7-m\libcr_c.a(memset.o)
 .bss           0x00000000        0x0 c:/nxp/lpcxpresso_7.3.0_186/lpcxpresso/tools/bin/../lib/gcc/arm-none-eabi/4.8.4/../../../../arm-none-eabi/lib/armv7-m\libcr_c.a(memset.o)
 .text          0x00000000        0x0 c:/nxp/lpcxpresso_7.3.0_186/lpcxpresso/tools/bin/../lib/gcc/arm-none-eabi/4.8.4/../../../../arm-none-eabi/lib/armv7-m\libcr_c.a(__weak__main.o)
 .data          0x00000000        0x0 c:/nxp/lpcxpresso_7.3.0_186/lpcxpresso/tools/bin/../lib/gcc/arm-none-eabi/4.8.4/../../../../arm-none-eabi/lib/armv7-m\libcr_c.a(__weak__main.o)
 .bss           0x00000000        0x0 c:/nxp/lpcxpresso_7.3.0_186/lpcxpresso/tools/bin/../lib/gcc/arm-none-eabi/4.8.4/../../../../arm-none-eabi/lib/armv7-m\libcr_c.a(__weak__main.o)
 .text          0x00000000        0x0 c:/nxp/lpcxpresso_7.3.0_186/lpcxpresso/tools/bin/../lib/gcc/arm-none-eabi/4.8.4/../../../../arm-none-eabi/lib/armv7-m\libcr_c.a(atan2.o)
 .data          0x00000000        0x0 c:/nxp/lpcxpresso_7.3.0_186/lpcxpresso/tools/bin/../lib/gcc/arm-none-eabi/4.8.4/../../../../arm-none-eabi/lib/armv7-m\libcr_c.a(atan2.o)
 .bss           0x00000000        0x0 c:/nxp/lpcxpresso_7.3.0_186/lpcxpresso/tools/bin/../lib/gcc/arm-none-eabi/4.8.4/../../../../arm-none-eabi/lib/armv7-m\libcr_c.a(atan2.o)
 .text.atan2    0x00000000      0x120 c:/nxp/lpcxpresso_7.3.0_186/lpcxpresso/tools/bin/../lib/gcc/arm-none-eabi/4.8.4/../../../../arm-none-eabi/lib/armv7-m\libcr_c.a(atan2.o)
 .comment       0x00000000       0x71 c:/nxp/lpcxpresso_7.3.0_186/lpcxpresso/tools/bin/../lib/gcc/arm-none-eabi/4.8.4/../../../../arm-none-eabi/lib/armv7-m\libcr_c.a(atan2.o)
 .ARM.attributes
                0x00000000       0x33 c:/nxp/lpcxpresso_7.3.0_186/lpcxpresso/tools/bin/../lib/gcc/arm-none-eabi/4.8.4/../../../../arm-none-eabi/lib/armv7-m\libcr_c.a(atan2.o)
 .text          0x00000000        0x0 c:/nxp/lpcxpresso_7.3.0_186/lpcxpresso/tools/bin/../lib/gcc/arm-none-eabi/4.8.4/../../../../arm-none-eabi/lib/armv7-m\libcr_c.a(errno.o)
 .data          0x00000000        0x0 c:/nxp/lpcxpresso_7.3.0_186/lpcxpresso/tools/bin/../lib/gcc/arm-none-eabi/4.8.4/../../../../arm-none-eabi/lib/armv7-m\libcr_c.a(errno.o)
 .bss           0x00000000        0x0 c:/nxp/lpcxpresso_7.3.0_186/lpcxpresso/tools/bin/../lib/gcc/arm-none-eabi/4.8.4/../../../../arm-none-eabi/lib/armv7-m\libcr_c.a(errno.o)
 .bss.errno     0x00000000        0x4 c:/nxp/lpcxpresso_7.3.0_186/lpcxpresso/tools/bin/../lib/gcc/arm-none-eabi/4.8.4/../../../../arm-none-eabi/lib/armv7-m\libcr_c.a(errno.o)
 .comment       0x00000000       0x71 c:/nxp/lpcxpresso_7.3.0_186/lpcxpresso/tools/bin/../lib/gcc/arm-none-eabi/4.8.4/../../../../arm-none-eabi/lib/armv7-m\libcr_c.a(errno.o)
 .ARM.attributes
                0x00000000       0x33 c:/nxp/lpcxpresso_7.3.0_186/lpcxpresso/tools/bin/../lib/gcc/arm-none-eabi/4.8.4/../../../../arm-none-eabi/lib/armv7-m\libcr_c.a(errno.o)
 .text          0x00000000        0x0 c:/nxp/lpcxpresso_7.3.0_186/lpcxpresso/tools/bin/../lib/gcc/arm-none-eabi/4.8.4/../../../../arm-none-eabi/lib/armv7-m\libcr_c.a(fabs.o)
 .data          0x00000000        0x0 c:/nxp/lpcxpresso_7.3.0_186/lpcxpresso/tools/bin/../lib/gcc/arm-none-eabi/4.8.4/../../../../arm-none-eabi/lib/armv7-m\libcr_c.a(fabs.o)
 .bss           0x00000000        0x0 c:/nxp/lpcxpresso_7.3.0_186/lpcxpresso/tools/bin/../lib/gcc/arm-none-eabi/4.8.4/../../../../arm-none-eabi/lib/armv7-m\libcr_c.a(fabs.o)
 .text.fabs     0x00000000       0x1e c:/nxp/lpcxpresso_7.3.0_186/lpcxpresso/tools/bin/../lib/gcc/arm-none-eabi/4.8.4/../../../../arm-none-eabi/lib/armv7-m\libcr_c.a(fabs.o)
 .comment       0x00000000       0x71 c:/nxp/lpcxpresso_7.3.0_186/lpcxpresso/tools/bin/../lib/gcc/arm-none-eabi/4.8.4/../../../../arm-none-eabi/lib/armv7-m\libcr_c.a(fabs.o)
 .ARM.attributes
                0x00000000       0x33 c:/nxp/lpcxpresso_7.3.0_186/lpcxpresso/tools/bin/../lib/gcc/arm-none-eabi/4.8.4/../../../../arm-none-eabi/lib/armv7-m\libcr_c.a(fabs.o)
 .text          0x00000000        0x0 c:/nxp/lpcxpresso_7.3.0_186/lpcxpresso/tools/bin/../lib/gcc/arm-none-eabi/4.8.4/../../../../arm-none-eabi/lib/armv7-m\libcr_c.a(pow.o)
 .data          0x00000000        0x0 c:/nxp/lpcxpresso_7.3.0_186/lpcxpresso/tools/bin/../lib/gcc/arm-none-eabi/4.8.4/../../../../arm-none-eabi/lib/armv7-m\libcr_c.a(pow.o)
 .bss           0x00000000        0x0 c:/nxp/lpcxpresso_7.3.0_186/lpcxpresso/tools/bin/../lib/gcc/arm-none-eabi/4.8.4/../../../../arm-none-eabi/lib/armv7-m\libcr_c.a(pow.o)
 .text.pow      0x00000000      0x570 c:/nxp/lpcxpresso_7.3.0_186/lpcxpresso/tools/bin/../lib/gcc/arm-none-eabi/4.8.4/../../../../arm-none-eabi/lib/armv7-m\libcr_c.a(pow.o)
 .rodata.a2.3913
                0x00000000       0x40 c:/nxp/lpcxpresso_7.3.0_186/lpcxpresso/tools/bin/../lib/gcc/arm-none-eabi/4.8.4/../../../../arm-none-eabi/lib/armv7-m\libcr_c.a(pow.o)
 .rodata.a1.3912
                0x00000000       0x88 c:/nxp/lpcxpresso_7.3.0_186/lpcxpresso/tools/bin/../lib/gcc/arm-none-eabi/4.8.4/../../../../arm-none-eabi/lib/armv7-m\libcr_c.a(pow.o)
 .comment       0x00000000       0x71 c:/nxp/lpcxpresso_7.3.0_186/lpcxpresso/tools/bin/../lib/gcc/arm-none-eabi/4.8.4/../../../../arm-none-eabi/lib/armv7-m\libcr_c.a(pow.o)
 .ARM.attributes
                0x00000000       0x33 c:/nxp/lpcxpresso_7.3.0_186/lpcxpresso/tools/bin/../lib/gcc/arm-none-eabi/4.8.4/../../../../arm-none-eabi/lib/armv7-m\libcr_c.a(pow.o)
 .text          0x00000000        0x0 c:/nxp/lpcxpresso_7.3.0_186/lpcxpresso/tools/bin/../lib/gcc/arm-none-eabi/4.8.4/../../../../arm-none-eabi/lib/armv7-m\libcr_c.a(_hugeval.o)
 .data          0x00000000        0x0 c:/nxp/lpcxpresso_7.3.0_186/lpcxpresso/tools/bin/../lib/gcc/arm-none-eabi/4.8.4/../../../../arm-none-eabi/lib/armv7-m\libcr_c.a(_hugeval.o)
 .bss           0x00000000        0x0 c:/nxp/lpcxpresso_7.3.0_186/lpcxpresso/tools/bin/../lib/gcc/arm-none-eabi/4.8.4/../../../../arm-none-eabi/lib/armv7-m\libcr_c.a(_hugeval.o)
 .rodata.__huge_val
                0x00000000        0x8 c:/nxp/lpcxpresso_7.3.0_186/lpcxpresso/tools/bin/../lib/gcc/arm-none-eabi/4.8.4/../../../../arm-none-eabi/lib/armv7-m\libcr_c.a(_hugeval.o)
 .rodata.__huge_vall
                0x00000000        0x8 c:/nxp/lpcxpresso_7.3.0_186/lpcxpresso/tools/bin/../lib/gcc/arm-none-eabi/4.8.4/../../../../arm-none-eabi/lib/armv7-m\libcr_c.a(_hugeval.o)
 .comment       0x00000000       0x71 c:/nxp/lpcxpresso_7.3.0_186/lpcxpresso/tools/bin/../lib/gcc/arm-none-eabi/4.8.4/../../../../arm-none-eabi/lib/armv7-m\libcr_c.a(_hugeval.o)
 .ARM.attributes
                0x00000000       0x33 c:/nxp/lpcxpresso_7.3.0_186/lpcxpresso/tools/bin/../lib/gcc/arm-none-eabi/4.8.4/../../../../arm-none-eabi/lib/armv7-m\libcr_c.a(_hugeval.o)
 .text          0x00000000        0x0 c:/nxp/lpcxpresso_7.3.0_186/lpcxpresso/tools/bin/../lib/gcc/arm-none-eabi/4.8.4/../../../../arm-none-eabi/lib/armv7-m\libcr_c.a(atan.o)
 .data          0x00000000        0x0 c:/nxp/lpcxpresso_7.3.0_186/lpcxpresso/tools/bin/../lib/gcc/arm-none-eabi/4.8.4/../../../../arm-none-eabi/lib/armv7-m\libcr_c.a(atan.o)
 .bss           0x00000000        0x0 c:/nxp/lpcxpresso_7.3.0_186/lpcxpresso/tools/bin/../lib/gcc/arm-none-eabi/4.8.4/../../../../arm-none-eabi/lib/armv7-m\libcr_c.a(atan.o)
 .text.atan     0x00000000      0x218 c:/nxp/lpcxpresso_7.3.0_186/lpcxpresso/tools/bin/../lib/gcc/arm-none-eabi/4.8.4/../../../../arm-none-eabi/lib/armv7-m\libcr_c.a(atan.o)
 .rodata.a.3902
                0x00000000       0x20 c:/nxp/lpcxpresso_7.3.0_186/lpcxpresso/tools/bin/../lib/gcc/arm-none-eabi/4.8.4/../../../../arm-none-eabi/lib/armv7-m\libcr_c.a(atan.o)
 .comment       0x00000000       0x71 c:/nxp/lpcxpresso_7.3.0_186/lpcxpresso/tools/bin/../lib/gcc/arm-none-eabi/4.8.4/../../../../arm-none-eabi/lib/armv7-m\libcr_c.a(atan.o)
 .ARM.attributes
                0x00000000       0x33 c:/nxp/lpcxpresso_7.3.0_186/lpcxpresso/tools/bin/../lib/gcc/arm-none-eabi/4.8.4/../../../../arm-none-eabi/lib/armv7-m\libcr_c.a(atan.o)
 .text          0x00000000        0x0 c:/nxp/lpcxpresso_7.3.0_186/lpcxpresso/tools/bin/../lib/gcc/arm-none-eabi/4.8.4/../../../../arm-none-eabi/lib/armv7-m\libcr_c.a(frexp.o)
 .data          0x00000000        0x0 c:/nxp/lpcxpresso_7.3.0_186/lpcxpresso/tools/bin/../lib/gcc/arm-none-eabi/4.8.4/../../../../arm-none-eabi/lib/armv7-m\libcr_c.a(frexp.o)
 .bss           0x00000000        0x0 c:/nxp/lpcxpresso_7.3.0_186/lpcxpresso/tools/bin/../lib/gcc/arm-none-eabi/4.8.4/../../../../arm-none-eabi/lib/armv7-m\libcr_c.a(frexp.o)
 .text.frexp    0x00000000       0x5c c:/nxp/lpcxpresso_7.3.0_186/lpcxpresso/tools/bin/../lib/gcc/arm-none-eabi/4.8.4/../../../../arm-none-eabi/lib/armv7-m\libcr_c.a(frexp.o)
 .comment       0x00000000       0x71 c:/nxp/lpcxpresso_7.3.0_186/lpcxpresso/tools/bin/../lib/gcc/arm-none-eabi/4.8.4/../../../../arm-none-eabi/lib/armv7-m\libcr_c.a(frexp.o)
 .ARM.attributes
                0x00000000       0x33 c:/nxp/lpcxpresso_7.3.0_186/lpcxpresso/tools/bin/../lib/gcc/arm-none-eabi/4.8.4/../../../../arm-none-eabi/lib/armv7-m\libcr_c.a(frexp.o)
 .text          0x00000000        0x0 c:/nxp/lpcxpresso_7.3.0_186/lpcxpresso/tools/bin/../lib/gcc/arm-none-eabi/4.8.4/../../../../arm-none-eabi/lib/armv7-m\libcr_c.a(ldexp.o)
 .data          0x00000000        0x0 c:/nxp/lpcxpresso_7.3.0_186/lpcxpresso/tools/bin/../lib/gcc/arm-none-eabi/4.8.4/../../../../arm-none-eabi/lib/armv7-m\libcr_c.a(ldexp.o)
 .bss           0x00000000        0x0 c:/nxp/lpcxpresso_7.3.0_186/lpcxpresso/tools/bin/../lib/gcc/arm-none-eabi/4.8.4/../../../../arm-none-eabi/lib/armv7-m\libcr_c.a(ldexp.o)
 .text.ldexp    0x00000000       0x4c c:/nxp/lpcxpresso_7.3.0_186/lpcxpresso/tools/bin/../lib/gcc/arm-none-eabi/4.8.4/../../../../arm-none-eabi/lib/armv7-m\libcr_c.a(ldexp.o)
 .comment       0x00000000       0x71 c:/nxp/lpcxpresso_7.3.0_186/lpcxpresso/tools/bin/../lib/gcc/arm-none-eabi/4.8.4/../../../../arm-none-eabi/lib/armv7-m\libcr_c.a(ldexp.o)
 .ARM.attributes
                0x00000000       0x33 c:/nxp/lpcxpresso_7.3.0_186/lpcxpresso/tools/bin/../lib/gcc/arm-none-eabi/4.8.4/../../../../arm-none-eabi/lib/armv7-m\libcr_c.a(ldexp.o)
 .text          0x00000000        0x0 c:/nxp/lpcxpresso_7.3.0_186/lpcxpresso/tools/bin/../lib/gcc/arm-none-eabi/4.8.4/armv7-m\libcr_eabihelpers.a(division_64.o)
 .data          0x00000000        0x0 c:/nxp/lpcxpresso_7.3.0_186/lpcxpresso/tools/bin/../lib/gcc/arm-none-eabi/4.8.4/armv7-m\libcr_eabihelpers.a(division_64.o)
 .bss           0x00000000        0x0 c:/nxp/lpcxpresso_7.3.0_186/lpcxpresso/tools/bin/../lib/gcc/arm-none-eabi/4.8.4/armv7-m\libcr_eabihelpers.a(division_64.o)
 .text.__aeabi_division_ldivmod
                0x00000000       0x26 c:/nxp/lpcxpresso_7.3.0_186/lpcxpresso/tools/bin/../lib/gcc/arm-none-eabi/4.8.4/armv7-m\libcr_eabihelpers.a(division_64.o)
 .text.__aeabi_division_uldivmod
                0x00000000      0x188 c:/nxp/lpcxpresso_7.3.0_186/lpcxpresso/tools/bin/../lib/gcc/arm-none-eabi/4.8.4/armv7-m\libcr_eabihelpers.a(division_64.o)
 .ARM.attributes
                0x00000000       0x21 c:/nxp/lpcxpresso_7.3.0_186/lpcxpresso/tools/bin/../lib/gcc/arm-none-eabi/4.8.4/armv7-m\libcr_eabihelpers.a(division_64.o)
 .text          0x00000000        0x0 c:/nxp/lpcxpresso_7.3.0_186/lpcxpresso/tools/bin/../lib/gcc/arm-none-eabi/4.8.4/armv7-m\libcr_eabihelpers.a(division_idiv0.o)
 .data          0x00000000        0x0 c:/nxp/lpcxpresso_7.3.0_186/lpcxpresso/tools/bin/../lib/gcc/arm-none-eabi/4.8.4/armv7-m\libcr_eabihelpers.a(division_idiv0.o)
 .bss           0x00000000        0x0 c:/nxp/lpcxpresso_7.3.0_186/lpcxpresso/tools/bin/../lib/gcc/arm-none-eabi/4.8.4/armv7-m\libcr_eabihelpers.a(division_idiv0.o)
 .text.__aeabi_division_idiv0
                0x00000000        0x2 c:/nxp/lpcxpresso_7.3.0_186/lpcxpresso/tools/bin/../lib/gcc/arm-none-eabi/4.8.4/armv7-m\libcr_eabihelpers.a(division_idiv0.o)
 .ARM.attributes
                0x00000000       0x21 c:/nxp/lpcxpresso_7.3.0_186/lpcxpresso/tools/bin/../lib/gcc/arm-none-eabi/4.8.4/armv7-m\libcr_eabihelpers.a(division_idiv0.o)
 .text          0x00000000        0x0 c:/nxp/lpcxpresso_7.3.0_186/lpcxpresso/tools/bin/../lib/gcc/arm-none-eabi/4.8.4/armv7-m\libcr_eabihelpers.a(double.o)
 .data          0x00000000        0x0 c:/nxp/lpcxpresso_7.3.0_186/lpcxpresso/tools/bin/../lib/gcc/arm-none-eabi/4.8.4/armv7-m\libcr_eabihelpers.a(double.o)
 .bss           0x00000000        0x0 c:/nxp/lpcxpresso_7.3.0_186/lpcxpresso/tools/bin/../lib/gcc/arm-none-eabi/4.8.4/armv7-m\libcr_eabihelpers.a(double.o)
 .text.__aeabi_dmul
                0x00000000      0x12c c:/nxp/lpcxpresso_7.3.0_186/lpcxpresso/tools/bin/../lib/gcc/arm-none-eabi/4.8.4/armv7-m\libcr_eabihelpers.a(double.o)
 .text.__aeabi_dsub
                0x00000000      0x228 c:/nxp/lpcxpresso_7.3.0_186/lpcxpresso/tools/bin/../lib/gcc/arm-none-eabi/4.8.4/armv7-m\libcr_eabihelpers.a(double.o)
 .text.__aeabi_dadd
                0x00000000      0x178 c:/nxp/lpcxpresso_7.3.0_186/lpcxpresso/tools/bin/../lib/gcc/arm-none-eabi/4.8.4/armv7-m\libcr_eabihelpers.a(double.o)
 .text.__aeabi_drsub
                0x00000000       0x18 c:/nxp/lpcxpresso_7.3.0_186/lpcxpresso/tools/bin/../lib/gcc/arm-none-eabi/4.8.4/armv7-m\libcr_eabihelpers.a(double.o)
 .text.__aeabi_dneg
                0x00000000        0xc c:/nxp/lpcxpresso_7.3.0_186/lpcxpresso/tools/bin/../lib/gcc/arm-none-eabi/4.8.4/armv7-m\libcr_eabihelpers.a(double.o)
 .text.__aeabi_d2f
                0x00000000       0x58 c:/nxp/lpcxpresso_7.3.0_186/lpcxpresso/tools/bin/../lib/gcc/arm-none-eabi/4.8.4/armv7-m\libcr_eabihelpers.a(double.o)
 .text.__aeabi_d2iz
                0x00000000       0x4c c:/nxp/lpcxpresso_7.3.0_186/lpcxpresso/tools/bin/../lib/gcc/arm-none-eabi/4.8.4/armv7-m\libcr_eabihelpers.a(double.o)
 .text.__aeabi_d2lz
                0x00000000       0x78 c:/nxp/lpcxpresso_7.3.0_186/lpcxpresso/tools/bin/../lib/gcc/arm-none-eabi/4.8.4/armv7-m\libcr_eabihelpers.a(double.o)
 .text.__aeabi_d2ulz
                0x00000000       0x5c c:/nxp/lpcxpresso_7.3.0_186/lpcxpresso/tools/bin/../lib/gcc/arm-none-eabi/4.8.4/armv7-m\libcr_eabihelpers.a(double.o)
 .text.__bhs_ul2d
                0x00000000       0x90 c:/nxp/lpcxpresso_7.3.0_186/lpcxpresso/tools/bin/../lib/gcc/arm-none-eabi/4.8.4/armv7-m\libcr_eabihelpers.a(double.o)
 .text.__aeabi_ui2d
                0x00000000        0x8 c:/nxp/lpcxpresso_7.3.0_186/lpcxpresso/tools/bin/../lib/gcc/arm-none-eabi/4.8.4/armv7-m\libcr_eabihelpers.a(double.o)
 .text.__aeabi_l2d
                0x00000000       0x24 c:/nxp/lpcxpresso_7.3.0_186/lpcxpresso/tools/bin/../lib/gcc/arm-none-eabi/4.8.4/armv7-m\libcr_eabihelpers.a(double.o)
 .text.__aeabi_ul2d
                0x00000000        0x8 c:/nxp/lpcxpresso_7.3.0_186/lpcxpresso/tools/bin/../lib/gcc/arm-none-eabi/4.8.4/armv7-m\libcr_eabihelpers.a(double.o)
 .text.__aeabi_dcmpeq
                0x00000000       0x40 c:/nxp/lpcxpresso_7.3.0_186/lpcxpresso/tools/bin/../lib/gcc/arm-none-eabi/4.8.4/armv7-m\libcr_eabihelpers.a(double.o)
 .text.__aeabi_dcmplt
                0x00000000       0x70 c:/nxp/lpcxpresso_7.3.0_186/lpcxpresso/tools/bin/../lib/gcc/arm-none-eabi/4.8.4/armv7-m\libcr_eabihelpers.a(double.o)
 .text.__aeabi_dcmpgt
                0x00000000       0x6c c:/nxp/lpcxpresso_7.3.0_186/lpcxpresso/tools/bin/../lib/gcc/arm-none-eabi/4.8.4/armv7-m\libcr_eabihelpers.a(double.o)
 .text.__aeabi_dcmple
                0x00000000       0x68 c:/nxp/lpcxpresso_7.3.0_186/lpcxpresso/tools/bin/../lib/gcc/arm-none-eabi/4.8.4/armv7-m\libcr_eabihelpers.a(double.o)
 .text.__aeabi_dcmpge
                0x00000000       0x64 c:/nxp/lpcxpresso_7.3.0_186/lpcxpresso/tools/bin/../lib/gcc/arm-none-eabi/4.8.4/armv7-m\libcr_eabihelpers.a(double.o)
 .text.__aeabi_dcmpun
                0x00000000       0x1c c:/nxp/lpcxpresso_7.3.0_186/lpcxpresso/tools/bin/../lib/gcc/arm-none-eabi/4.8.4/armv7-m\libcr_eabihelpers.a(double.o)
 .text.__aeabi_cdcmple
                0x00000000       0x30 c:/nxp/lpcxpresso_7.3.0_186/lpcxpresso/tools/bin/../lib/gcc/arm-none-eabi/4.8.4/armv7-m\libcr_eabihelpers.a(double.o)
 .text.__aeabi_cdrcmple
                0x00000000       0x14 c:/nxp/lpcxpresso_7.3.0_186/lpcxpresso/tools/bin/../lib/gcc/arm-none-eabi/4.8.4/armv7-m\libcr_eabihelpers.a(double.o)
 .text          0x00000000        0x0 c:/nxp/lpcxpresso_7.3.0_186/lpcxpresso/tools/bin/../lib/gcc/arm-none-eabi/4.8.4/armv7-m\libcr_eabihelpers.a(float.o)
 .data          0x00000000        0x0 c:/nxp/lpcxpresso_7.3.0_186/lpcxpresso/tools/bin/../lib/gcc/arm-none-eabi/4.8.4/armv7-m\libcr_eabihelpers.a(float.o)
 .bss           0x00000000        0x0 c:/nxp/lpcxpresso_7.3.0_186/lpcxpresso/tools/bin/../lib/gcc/arm-none-eabi/4.8.4/armv7-m\libcr_eabihelpers.a(float.o)
 .text.__bhs_ui2f.part.0
                0x00000000       0x20 c:/nxp/lpcxpresso_7.3.0_186/lpcxpresso/tools/bin/../lib/gcc/arm-none-eabi/4.8.4/armv7-m\libcr_eabihelpers.a(float.o)
 .text.__aeabi_fmul
                0x00000000       0xbc c:/nxp/lpcxpresso_7.3.0_186/lpcxpresso/tools/bin/../lib/gcc/arm-none-eabi/4.8.4/armv7-m\libcr_eabihelpers.a(float.o)
 .text.__aeabi_fdiv
                0x00000000       0xc0 c:/nxp/lpcxpresso_7.3.0_186/lpcxpresso/tools/bin/../lib/gcc/arm-none-eabi/4.8.4/armv7-m\libcr_eabihelpers.a(float.o)
 .text.__aeabi_fsub
                0x00000000       0xfc c:/nxp/lpcxpresso_7.3.0_186/lpcxpresso/tools/bin/../lib/gcc/arm-none-eabi/4.8.4/armv7-m\libcr_eabihelpers.a(float.o)
 .text.__aeabi_fadd
                0x00000000       0xb0 c:/nxp/lpcxpresso_7.3.0_186/lpcxpresso/tools/bin/../lib/gcc/arm-none-eabi/4.8.4/armv7-m\libcr_eabihelpers.a(float.o)
 .text.__aeabi_frsub
                0x00000000        0xc c:/nxp/lpcxpresso_7.3.0_186/lpcxpresso/tools/bin/../lib/gcc/arm-none-eabi/4.8.4/armv7-m\libcr_eabihelpers.a(float.o)
 .text.__aeabi_fneg
                0x00000000        0x8 c:/nxp/lpcxpresso_7.3.0_186/lpcxpresso/tools/bin/../lib/gcc/arm-none-eabi/4.8.4/armv7-m\libcr_eabihelpers.a(float.o)
 .text.__aeabi_f2iz
                0x00000000       0x34 c:/nxp/lpcxpresso_7.3.0_186/lpcxpresso/tools/bin/../lib/gcc/arm-none-eabi/4.8.4/armv7-m\libcr_eabihelpers.a(float.o)
 .text.__aeabi_f2uiz
                0x00000000       0x28 c:/nxp/lpcxpresso_7.3.0_186/lpcxpresso/tools/bin/../lib/gcc/arm-none-eabi/4.8.4/armv7-m\libcr_eabihelpers.a(float.o)
 .text.__aeabi_f2lz
                0x00000000       0x68 c:/nxp/lpcxpresso_7.3.0_186/lpcxpresso/tools/bin/../lib/gcc/arm-none-eabi/4.8.4/armv7-m\libcr_eabihelpers.a(float.o)
 .text.__aeabi_f2ulz
                0x00000000       0x50 c:/nxp/lpcxpresso_7.3.0_186/lpcxpresso/tools/bin/../lib/gcc/arm-none-eabi/4.8.4/armv7-m\libcr_eabihelpers.a(float.o)
 .text.__bhs_ui2f
                0x00000000        0xc c:/nxp/lpcxpresso_7.3.0_186/lpcxpresso/tools/bin/../lib/gcc/arm-none-eabi/4.8.4/armv7-m\libcr_eabihelpers.a(float.o)
 .text.__bhs_ul2f
                0x00000000       0x4c c:/nxp/lpcxpresso_7.3.0_186/lpcxpresso/tools/bin/../lib/gcc/arm-none-eabi/4.8.4/armv7-m\libcr_eabihelpers.a(float.o)
 .text.__aeabi_i2f
                0x00000000       0x18 c:/nxp/lpcxpresso_7.3.0_186/lpcxpresso/tools/bin/../lib/gcc/arm-none-eabi/4.8.4/armv7-m\libcr_eabihelpers.a(float.o)
 .text.__aeabi_ui2f
                0x00000000       0x10 c:/nxp/lpcxpresso_7.3.0_186/lpcxpresso/tools/bin/../lib/gcc/arm-none-eabi/4.8.4/armv7-m\libcr_eabihelpers.a(float.o)
 .text.__aeabi_l2f
                0x00000000       0x24 c:/nxp/lpcxpresso_7.3.0_186/lpcxpresso/tools/bin/../lib/gcc/arm-none-eabi/4.8.4/armv7-m\libcr_eabihelpers.a(float.o)
 .text.__aeabi_ul2f
                0x00000000        0x8 c:/nxp/lpcxpresso_7.3.0_186/lpcxpresso/tools/bin/../lib/gcc/arm-none-eabi/4.8.4/armv7-m\libcr_eabihelpers.a(float.o)
 .text.__aeabi_f2d
                0x00000000       0x44 c:/nxp/lpcxpresso_7.3.0_186/lpcxpresso/tools/bin/../lib/gcc/arm-none-eabi/4.8.4/armv7-m\libcr_eabihelpers.a(float.o)
 .text.__aeabi_fcmpeq
                0x00000000       0x20 c:/nxp/lpcxpresso_7.3.0_186/lpcxpresso/tools/bin/../lib/gcc/arm-none-eabi/4.8.4/armv7-m\libcr_eabihelpers.a(float.o)
 .text.__aeabi_fcmplt
                0x00000000       0x3c c:/nxp/lpcxpresso_7.3.0_186/lpcxpresso/tools/bin/../lib/gcc/arm-none-eabi/4.8.4/armv7-m\libcr_eabihelpers.a(float.o)
 .text.__aeabi_fcmpgt
                0x00000000       0x3c c:/nxp/lpcxpresso_7.3.0_186/lpcxpresso/tools/bin/../lib/gcc/arm-none-eabi/4.8.4/armv7-m\libcr_eabihelpers.a(float.o)
 .text.__aeabi_fcmple
                0x00000000       0x40 c:/nxp/lpcxpresso_7.3.0_186/lpcxpresso/tools/bin/../lib/gcc/arm-none-eabi/4.8.4/armv7-m\libcr_eabihelpers.a(float.o)
 .text.__aeabi_fcmpge
                0x00000000       0x40 c:/nxp/lpcxpresso_7.3.0_186/lpcxpresso/tools/bin/../lib/gcc/arm-none-eabi/4.8.4/armv7-m\libcr_eabihelpers.a(float.o)
 .text.__aeabi_fcmpun
                0x00000000       0x1c c:/nxp/lpcxpresso_7.3.0_186/lpcxpresso/tools/bin/../lib/gcc/arm-none-eabi/4.8.4/armv7-m\libcr_eabihelpers.a(float.o)
 .text.__aeabi_cfcmple
                0x00000000       0x44 c:/nxp/lpcxpresso_7.3.0_186/lpcxpresso/tools/bin/../lib/gcc/arm-none-eabi/4.8.4/armv7-m\libcr_eabihelpers.a(float.o)
 .text.__aeabi_cfrcmple
                0x00000000        0xc c:/nxp/lpcxpresso_7.3.0_186/lpcxpresso/tools/bin/../lib/gcc/arm-none-eabi/4.8.4/armv7-m\libcr_eabihelpers.a(float.o)
 .comment       0x00000000       0x71 c:/nxp/lpcxpresso_7.3.0_186/lpcxpresso/tools/bin/../lib/gcc/arm-none-eabi/4.8.4/armv7-m\libcr_eabihelpers.a(float.o)
 .ARM.attributes
                0x00000000       0x33 c:/nxp/lpcxpresso_7.3.0_186/lpcxpresso/tools/bin/../lib/gcc/arm-none-eabi/4.8.4/armv7-m\libcr_eabihelpers.a(float.o)
 .text          0x00000000        0x0 c:/nxp/lpcxpresso_7.3.0_186/lpcxpresso/tools/bin/../lib/gcc/arm-none-eabi/4.8.4/armv7-m\libcr_eabihelpers.a(memcpy.o)
 .data          0x00000000        0x0 c:/nxp/lpcxpresso_7.3.0_186/lpcxpresso/tools/bin/../lib/gcc/arm-none-eabi/4.8.4/armv7-m\libcr_eabihelpers.a(memcpy.o)
 .bss           0x00000000        0x0 c:/nxp/lpcxpresso_7.3.0_186/lpcxpresso/tools/bin/../lib/gcc/arm-none-eabi/4.8.4/armv7-m\libcr_eabihelpers.a(memcpy.o)
 .text.__aeabi_memcpy
                0x00000000       0x2a c:/nxp/lpcxpresso_7.3.0_186/lpcxpresso/tools/bin/../lib/gcc/arm-none-eabi/4.8.4/armv7-m\libcr_eabihelpers.a(memcpy.o)
 .text.__aeabi_memmove
                0x00000000       0x1e c:/nxp/lpcxpresso_7.3.0_186/lpcxpresso/tools/bin/../lib/gcc/arm-none-eabi/4.8.4/armv7-m\libcr_eabihelpers.a(memcpy.o)
 .text.__aeabi_memclr
                0x00000000        0x8 c:/nxp/lpcxpresso_7.3.0_186/lpcxpresso/tools/bin/../lib/gcc/arm-none-eabi/4.8.4/armv7-m\libcr_eabihelpers.a(memcpy.o)
 .text.__aeabi_memset
                0x00000000        0xa c:/nxp/lpcxpresso_7.3.0_186/lpcxpresso/tools/bin/../lib/gcc/arm-none-eabi/4.8.4/armv7-m\libcr_eabihelpers.a(memcpy.o)

Memory Configuration

Name             Origin             Length             Attributes
MFlash512        0x00000000         0x00080000         xr
RamLoc32         0x10000000         0x00008000         xrw
RamAHB32         0x2007c000         0x00008000         xrw
*default*        0x00000000         0xffffffff

Linker script and memory map

LOAD ./src/cr_startup_lpc176x.o
LOAD ./src/display_func.o
LOAD ./src/functions.o
LOAD ./src/i2c.o
LOAD ./src/indooor_nav_main.o
LOAD ./src/lsm303.o
LOAD ./src/motor_and_encoder.o
LOAD ./src/uart1.o
LOAD ./src/ultrasonic.o
LOAD C:\Users\jincy\Desktop\PROJECT\workingcode_obstacle\CMSISv2p00_LPC17xx\Debug\libCMSISv2p00_LPC17xx.a
START GROUP
LOAD c:/nxp/lpcxpresso_7.3.0_186/lpcxpresso/tools/bin/../lib/gcc/arm-none-eabi/4.8.4/../../../../arm-none-eabi/lib/armv7-m\libcr_c.a
LOAD c:/nxp/lpcxpresso_7.3.0_186/lpcxpresso/tools/bin/../lib/gcc/arm-none-eabi/4.8.4/armv7-m\libcr_eabihelpers.a
END GROUP
                0x00080000                __top_MFlash512 = 0x80000
                0x10008000                __top_RamLoc32 = 0x10008000
                0x20084000                __top_RamAHB32 = 0x20084000

.text           0x00000000     0x2998
 FILL mask 0xff
                0x00000000                __vectors_start__ = ABSOLUTE (.)
 *(.isr_vector)
 .isr_vector    0x00000000       0xcc ./src/cr_startup_lpc176x.o
                0x00000000                g_pfnVectors
                0x000000cc                . = ALIGN (0x4)
                0x000000cc                __section_table_start = .
                0x000000cc                __data_section_table = .
                0x000000cc        0x4 LONG 0x2998 LOADADDR (.data)
                0x000000d0        0x4 LONG 0x10000000 ADDR (.data)
                0x000000d4        0x4 LONG 0x8 SIZEOF (.data)
                0x000000d8        0x4 LONG 0x2998 LOADADDR (.data_RAM2)
                0x000000dc        0x4 LONG 0x2007c000 ADDR (.data_RAM2)
                0x000000e0        0x4 LONG 0x0 SIZEOF (.data_RAM2)
                0x000000e4                __data_section_table_end = .
                0x000000e4                __bss_section_table = .
                0x000000e4        0x4 LONG 0x10000008 ADDR (.bss)
                0x000000e8        0x4 LONG 0x500 SIZEOF (.bss)
                0x000000ec        0x4 LONG 0x2007c000 ADDR (.bss_RAM2)
                0x000000f0        0x4 LONG 0x0 SIZEOF (.bss_RAM2)
                0x000000f4                __bss_section_table_end = .
                0x000000f4                __section_table_end = .
 *(.after_vectors*)
 .after_vectors
                0x000000f4       0x78 ./src/cr_startup_lpc176x.o
                0x000000f4                NMI_Handler
                0x000000f6                HardFault_Handler
                0x000000f8                MemManage_Handler
                0x000000fa                BusFault_Handler
                0x000000fc                UsageFault_Handler
                0x000000fe                SVCall_Handler
                0x00000100                DebugMon_Handler
                0x00000102                PendSV_Handler
                0x00000104                SysTick_Handler
                0x00000106                PWM1_IRQHandler
                0x00000106                EINT2_IRQHandler
                0x00000106                UART1_IRQHandler
                0x00000106                EINT3_IRQHandler
                0x00000106                CANActivity_IRQHandler
                0x00000106                TIMER3_IRQHandler
                0x00000106                UART0_IRQHandler
                0x00000106                MCPWM_IRQHandler
                0x00000106                RIT_IRQHandler
                0x00000106                IntDefaultHandler
                0x00000106                PLL0_IRQHandler
                0x00000106                USBActivity_IRQHandler
                0x00000106                PLL1_IRQHandler
                0x00000106                SSP0_IRQHandler
                0x00000106                I2S_IRQHandler
                0x00000106                RTC_IRQHandler
                0x00000106                TIMER0_IRQHandler
                0x00000106                SPI_IRQHandler
                0x00000106                UART3_IRQHandler
                0x00000106                EINT1_IRQHandler
                0x00000106                TIMER1_IRQHandler
                0x00000106                UART2_IRQHandler
                0x00000106                ADC_IRQHandler
                0x00000106                SSP1_IRQHandler
                0x00000106                USB_IRQHandler
                0x00000106                BOD_IRQHandler
                0x00000106                TIMER2_IRQHandler
                0x00000106                WDT_IRQHandler
                0x00000106                QEI_IRQHandler
                0x00000106                EINT0_IRQHandler
                0x00000106                CAN_IRQHandler
                0x00000106                DMA_IRQHandler
                0x00000106                ENET_IRQHandler
                0x00000108                data_init
                0x0000011a                bss_init
                0x0000012a                ResetISR
                0x000002fc                . = 0x2fc
 *fill*         0x0000016c      0x190 ff
                0x000002fc                PROVIDE (__CRP_WORD_START__, .)
 *(.crp)
 .crp           0x000002fc        0x4 ./src/indooor_nav_main.o
                0x000002fc                CRP_WORD
                0x00000300                PROVIDE (__CRP_WORD_END__, .)
                0x00000001                ASSERT (! ((__CRP_WORD_START__ == __CRP_WORD_END__)), Linker CRP Enabled, but no CRP_WORD provided within application)
 *(.text*)
 .text.print_dec_no_in_ascii
                0x00000300       0xe8 ./src/display_func.o
                0x00000300                print_dec_no_in_ascii
 .text.print_string
                0x000003e8       0x28 ./src/display_func.o
                0x000003e8                print_string
 .text.port_init
                0x00000410       0x20 ./src/functions.o
                0x00000410                port_init
 .text.GPIOSetValue
                0x00000430       0x4c ./src/functions.o
                0x00000430                GPIOSetValue
 .text.GPIOSetDir
                0x0000047c       0x60 ./src/functions.o
                0x0000047c                GPIOSetDir
 .text.delay_ms_motor
                0x000004dc       0x3c ./src/functions.o
                0x000004dc                delay_ms_motor
 .text.get_arraylength
                0x00000518       0x40 ./src/functions.o
                0x00000518                get_arraylength
 .text.NVIC_EnableIRQ
                0x00000558       0x30 ./src/i2c.o
 .text.I2C0_IRQHandler
                0x00000588      0x318 ./src/i2c.o
                0x00000588                I2C0_IRQHandler
 .text.I2C1_IRQHandler
                0x000008a0      0x338 ./src/i2c.o
                0x000008a0                I2C1_IRQHandler
 .text.I2C2_IRQHandler
                0x00000bd8      0x330 ./src/i2c.o
                0x00000bd8                I2C2_IRQHandler
 .text.I2CStart
                0x00000f08       0x7c ./src/i2c.o
                0x00000f08                I2CStart
 .text.I2C1Init
                0x00000f84       0xd0 ./src/i2c.o
                0x00000f84                I2C1Init
 .text.I2CEngine
                0x00001054       0x88 ./src/i2c.o
                0x00001054                I2CEngine
 .text.main     0x000010dc      0x7cc ./src/indooor_nav_main.o
                0x000010dc                main
 .text.EX_LSM303A_WRITE
                0x000018a8       0x84 ./src/lsm303.o
                0x000018a8                EX_LSM303A_WRITE
 .text.EX_LSM303M_WRITE
                0x0000192c       0x84 ./src/lsm303.o
                0x0000192c                EX_LSM303M_WRITE
 .text.LSM303_init
                0x000019b0       0x30 ./src/lsm303.o
                0x000019b0                LSM303_init
 .text.hc020k_init
                0x000019e0       0x40 ./src/motor_and_encoder.o
                0x000019e0                hc020k_init
 .text.speed_encoder_start
                0x00001a20       0x58 ./src/motor_and_encoder.o
                0x00001a20                speed_encoder_start
 .text.motor_init
                0x00001a78       0x74 ./src/motor_and_encoder.o
                0x00001a78                motor_init
 .text.roboticarm_init
                0x00001aec       0x60 ./src/motor_and_encoder.o
                0x00001aec                roboticarm_init
 .text.front    0x00001b4c       0x80 ./src/motor_and_encoder.o
                0x00001b4c                front
 .text.stop     0x00001bcc       0x68 ./src/motor_and_encoder.o
                0x00001bcc                stop
 .text.right    0x00001c34       0xb0 ./src/motor_and_encoder.o
                0x00001c34                right
 .text.left     0x00001ce4       0xb0 ./src/motor_and_encoder.o
                0x00001ce4                left
 .text.robot_turn
                0x00001d94       0x20 ./src/motor_and_encoder.o
                0x00001d94                robot_turn
 .text.ultra_leftright_check
                0x00001db4       0x28 ./src/motor_and_encoder.o
                0x00001db4                ultra_leftright_check
 .text.UART1_Init
                0x00001ddc       0xc4 ./src/uart1.o
                0x00001ddc                UART1_Init
 .text.UART1_Sendchar
                0x00001ea0       0x30 ./src/uart1.o
                0x00001ea0                UART1_Sendchar
 .text.ultra_init
                0x00001ed0       0x3c ./src/ultrasonic.o
                0x00001ed0                ultra_init
 .text.getPulseWidth_usfront
                0x00001f0c       0xf4 ./src/ultrasonic.o
                0x00001f0c                getPulseWidth_usfront
 .text.ultrasonic_front
                0x00002000       0xe0 ./src/ultrasonic.o
                0x00002000                ultrasonic_front
 .text.getPulseWidth_usright
                0x000020e0       0xf4 ./src/ultrasonic.o
                0x000020e0                getPulseWidth_usright
 .text.ultrasonic_right
                0x000021d4       0xe0 ./src/ultrasonic.o
                0x000021d4                ultrasonic_right
 .text.getPulseWidth_usleft
                0x000022b4       0xf4 ./src/ultrasonic.o
                0x000022b4                getPulseWidth_usleft
 .text.ultrasonic_left
                0x000023a8       0xe0 ./src/ultrasonic.o
                0x000023a8                ultrasonic_left
 .text.delay_us
                0x00002488       0x38 ./src/ultrasonic.o
                0x00002488                delay_us
 .text.SystemInit
                0x000024c0       0xe0 C:\Users\jincy\Desktop\PROJECT\workingcode_obstacle\CMSISv2p00_LPC17xx\Debug\libCMSISv2p00_LPC17xx.a(system_LPC17xx.o)
                0x000024c0                SystemInit
 .text.memset   0x000025a0        0x4 c:/nxp/lpcxpresso_7.3.0_186/lpcxpresso/tools/bin/../lib/gcc/arm-none-eabi/4.8.4/../../../../arm-none-eabi/lib/armv7-m\libcr_c.a(memset.o)
                0x000025a0                memset
 .text.__weak_main
                0x000025a4        0x4 c:/nxp/lpcxpresso_7.3.0_186/lpcxpresso/tools/bin/../lib/gcc/arm-none-eabi/4.8.4/../../../../arm-none-eabi/lib/armv7-m\libcr_c.a(__weak__main.o)
                0x000025a4                __weak_main
                0x000025a4                __main
 .text.__aeabi_ddiv
                0x000025a8      0x16c c:/nxp/lpcxpresso_7.3.0_186/lpcxpresso/tools/bin/../lib/gcc/arm-none-eabi/4.8.4/armv7-m\libcr_eabihelpers.a(double.o)
                0x000025a8                __aeabi_ddiv
 .text.__aeabi_d2uiz
                0x00002714       0x3c c:/nxp/lpcxpresso_7.3.0_186/lpcxpresso/tools/bin/../lib/gcc/arm-none-eabi/4.8.4/armv7-m\libcr_eabihelpers.a(double.o)
                0x00002714                __aeabi_d2uiz
 .text.__bhs_ui2d
                0x00002750       0x48 c:/nxp/lpcxpresso_7.3.0_186/lpcxpresso/tools/bin/../lib/gcc/arm-none-eabi/4.8.4/armv7-m\libcr_eabihelpers.a(double.o)
                0x00002750                __bhs_ui2d
 .text.__aeabi_i2d
                0x00002798       0x10 c:/nxp/lpcxpresso_7.3.0_186/lpcxpresso/tools/bin/../lib/gcc/arm-none-eabi/4.8.4/armv7-m\libcr_eabihelpers.a(double.o)
                0x00002798                __aeabi_i2d
 .text.__aeabi_memset_lowlevel
                0x000027a8       0x2c c:/nxp/lpcxpresso_7.3.0_186/lpcxpresso/tools/bin/../lib/gcc/arm-none-eabi/4.8.4/armv7-m\libcr_eabihelpers.a(memcpy.o)
                0x000027a8                __aeabi_lowlevel_memset
 *(.rodata .rodata.* .constdata .constdata.*)
 .rodata        0x000027d4       0x14 ./src/functions.o
 .rodata        0x000027e8        0xc ./src/i2c.o
 .rodata        0x000027f4      0x170 ./src/indooor_nav_main.o
 .rodata        0x00002964       0x34 ./src/motor_and_encoder.o
                0x00002998                . = ALIGN (0x4)

.glue_7         0x00002998        0x0
 .glue_7        0x00000000        0x0 linker stubs

.glue_7t        0x00002998        0x0
 .glue_7t       0x00000000        0x0 linker stubs

.vfp11_veneer   0x00002998        0x0
 .vfp11_veneer  0x00000000        0x0 linker stubs

.v4_bx          0x00002998        0x0
 .v4_bx         0x00000000        0x0 linker stubs

.iplt           0x00002998        0x0
 .iplt          0x00000000        0x0 ./src/cr_startup_lpc176x.o

.rel.dyn        0x00002998        0x0
 .rel.iplt      0x00000000        0x0 ./src/cr_startup_lpc176x.o

.ARM.extab
 *(.ARM.extab* .gnu.linkonce.armextab.*)
                0x00002998                __exidx_start = .

.ARM.exidx
 *(.ARM.exidx* .gnu.linkonce.armexidx.*)
                0x00002998                __exidx_end = .
                0x00002998                _etext = .

.data_RAM2      0x2007c000        0x0 load address 0x00002998
 FILL mask 0xff
 *(.ramfunc.$RAM2)
 *(.ramfunc.$RamAHB32)
 *(.data.$RAM2*)
 *(.data.$RamAHB32*)
                0x2007c000                . = ALIGN (0x4)

.uninit_RESERVED
                0x10000000        0x0
 *(.bss.$RESERVED*)
                0x10000000                . = ALIGN (0x4)
                0x10000000                _end_uninit_RESERVED = .

.data           0x10000000        0x8 load address 0x00002998
 FILL mask 0xff
                0x10000000                _data = .
 *(vtable)
 *(.ramfunc*)
 *(.data*)
 .data          0x10000000        0x4 ./src/indooor_nav_main.o
                0x10000000                breadth
 .data.SystemCoreClock
                0x10000004        0x4 C:\Users\jincy\Desktop\PROJECT\workingcode_obstacle\CMSISv2p00_LPC17xx\Debug\libCMSISv2p00_LPC17xx.a(system_LPC17xx.o)
                0x10000004                SystemCoreClock
                0x10000008                . = ALIGN (0x4)
                0x10000008                _edata = .

.igot.plt       0x10000008        0x0 load address 0x000029a0
 .igot.plt      0x00000000        0x0 ./src/cr_startup_lpc176x.o

.bss_RAM2       0x2007c000        0x0
 *(.bss.$RAM2*)
 *(.bss.$RamAHB32*)
                0x2007c000                . = ALIGN (0x4)

.bss            0x10000008      0x500
                0x10000008                _bss = .
 *(.bss*)
 .bss           0x10000008       0x3c ./src/i2c.o
                0x10000008                I2CMasterState
                0x10000014                timeout
                0x10000020                I2CCount
                0x1000002c                RdIndex0
                0x10000030                RdIndex1
                0x10000034                RdIndex2
                0x10000038                WrIndex0
                0x1000003c                WrIndex1
                0x10000040                WrIndex2
 .bss           0x10000044      0x328 ./src/indooor_nav_main.o
                0x10000044                x_loc
                0x100001d4                y_loc
                0x10000364                xy_global
 *(COMMON)
 COMMON         0x1000036c      0x198 ./src/i2c.o
                0x1000036c                I2CReadLength
                0x10000378                I2CSlaveBuffer
                0x10000438                I2CMasterBuffer
                0x100004f8                I2CWriteLength
 COMMON         0x10000504        0x4 ./src/lsm303.o
                0x10000504                i
                0x10000508                . = ALIGN (0x4)
                0x10000508                _ebss = .
                0x10000508                PROVIDE (end, .)

.noinit_RAM2    0x2007c000        0x0
 *(.noinit.$RAM2*)
 *(.noinit.$RamAHB32*)
                0x2007c000                . = ALIGN (0x4)

.noinit         0x10000508        0x0
                0x10000508                _noinit = .
 *(.noinit*)
                0x10000508                . = ALIGN (0x4)
                0x10000508                _end_noinit = .
                0x10000508                PROVIDE (_pvHeapStart, .)
                0x10008000                PROVIDE (_vStackTop, (__top_RamLoc32 - 0x0))
OUTPUT(INDOOR_NAVIGATION.axf elf32-littlearm)

.debug_info     0x00000000     0x4289
 .debug_info    0x00000000      0x2be ./src/cr_startup_lpc176x.o
 .debug_info    0x000002be      0x282 ./src/display_func.o
 .debug_info    0x00000540      0x852 ./src/functions.o
 .debug_info    0x00000d92      0xa62 ./src/i2c.o
 .debug_info    0x000017f4      0x4b3 ./src/indooor_nav_main.o
 .debug_info    0x00001ca7      0x51d ./src/lsm303.o
 .debug_info    0x000021c4      0xbf9 ./src/motor_and_encoder.o
 .debug_info    0x00002dbd      0x6fd ./src/uart1.o
 .debug_info    0x000034ba      0xab7 ./src/ultrasonic.o
 .debug_info    0x00003f71      0x318 C:\Users\jincy\Desktop\PROJECT\workingcode_obstacle\CMSISv2p00_LPC17xx\Debug\libCMSISv2p00_LPC17xx.a(system_LPC17xx.o)

.debug_abbrev   0x00000000      0xe31
 .debug_abbrev  0x00000000      0x12b ./src/cr_startup_lpc176x.o
 .debug_abbrev  0x0000012b       0xdd ./src/display_func.o
 .debug_abbrev  0x00000208      0x17a ./src/functions.o
 .debug_abbrev  0x00000382      0x1ea ./src/i2c.o
 .debug_abbrev  0x0000056c      0x102 ./src/indooor_nav_main.o
 .debug_abbrev  0x0000066e      0x13a ./src/lsm303.o
 .debug_abbrev  0x000007a8      0x247 ./src/motor_and_encoder.o
 .debug_abbrev  0x000009ef      0x19b ./src/uart1.o
 .debug_abbrev  0x00000b8a      0x1c1 ./src/ultrasonic.o
 .debug_abbrev  0x00000d4b       0xe6 C:\Users\jincy\Desktop\PROJECT\workingcode_obstacle\CMSISv2p00_LPC17xx\Debug\libCMSISv2p00_LPC17xx.a(system_LPC17xx.o)

.debug_loc      0x00000000      0x15f
 .debug_loc     0x00000000      0x15f ./src/cr_startup_lpc176x.o

.debug_aranges  0x00000000      0x368
 .debug_aranges
                0x00000000       0x80 ./src/cr_startup_lpc176x.o
 .debug_aranges
                0x00000080       0x40 ./src/display_func.o
 .debug_aranges
                0x000000c0       0x78 ./src/functions.o
 .debug_aranges
                0x00000138       0x68 ./src/i2c.o
 .debug_aranges
                0x000001a0       0x20 ./src/indooor_nav_main.o
 .debug_aranges
                0x000001c0       0x60 ./src/lsm303.o
 .debug_aranges
                0x00000220       0x98 ./src/motor_and_encoder.o
 .debug_aranges
                0x000002b8       0x30 ./src/uart1.o
 .debug_aranges
                0x000002e8       0x58 ./src/ultrasonic.o
 .debug_aranges
                0x00000340       0x28 C:\Users\jincy\Desktop\PROJECT\workingcode_obstacle\CMSISv2p00_LPC17xx\Debug\libCMSISv2p00_LPC17xx.a(system_LPC17xx.o)

.debug_ranges   0x00000000      0x2c8
 .debug_ranges  0x00000000       0x70 ./src/cr_startup_lpc176x.o
 .debug_ranges  0x00000070       0x30 ./src/display_func.o
 .debug_ranges  0x000000a0       0x68 ./src/functions.o
 .debug_ranges  0x00000108       0x58 ./src/i2c.o
 .debug_ranges  0x00000160       0x10 ./src/indooor_nav_main.o
 .debug_ranges  0x00000170       0x50 ./src/lsm303.o
 .debug_ranges  0x000001c0       0x88 ./src/motor_and_encoder.o
 .debug_ranges  0x00000248       0x20 ./src/uart1.o
 .debug_ranges  0x00000268       0x48 ./src/ultrasonic.o
 .debug_ranges  0x000002b0       0x18 C:\Users\jincy\Desktop\PROJECT\workingcode_obstacle\CMSISv2p00_LPC17xx\Debug\libCMSISv2p00_LPC17xx.a(system_LPC17xx.o)

.debug_macro    0x00000000     0x3998
 .debug_macro   0x00000000       0x52 ./src/cr_startup_lpc176x.o
 .debug_macro   0x00000052      0x85c ./src/cr_startup_lpc176x.o
 .debug_macro   0x000008ae       0x10 ./src/cr_startup_lpc176x.o
 .debug_macro   0x000008be      0x122 ./src/cr_startup_lpc176x.o
 .debug_macro   0x000009e0      0x5b9 ./src/cr_startup_lpc176x.o
 .debug_macro   0x00000f99       0x99 ./src/display_func.o
 .debug_macro   0x00001032      0x856 ./src/display_func.o
 .debug_macro   0x00001888       0x1c ./src/display_func.o
 .debug_macro   0x000018a4       0x2e ./src/display_func.o
 .debug_macro   0x000018d2       0x18 ./src/display_func.o
 .debug_macro   0x000018ea      0x7af ./src/display_func.o
 .debug_macro   0x00002099      0x2c7 ./src/display_func.o
 .debug_macro   0x00002360       0x65 ./src/display_func.o
 .debug_macro   0x000023c5       0xc4 ./src/display_func.o
 .debug_macro   0x00002489       0x99 ./src/functions.o
 .debug_macro   0x00002522       0x87 ./src/i2c.o
 .debug_macro   0x000025a9       0x1c ./src/i2c.o
 .debug_macro   0x000025c5      0x2c7 ./src/i2c.o
 .debug_macro   0x0000288c       0xe8 ./src/i2c.o
 .debug_macro   0x00002974       0xc9 ./src/indooor_nav_main.o
 .debug_macro   0x00002a3d       0x5f ./src/indooor_nav_main.o
 .debug_macro   0x00002a9c       0x82 ./src/indooor_nav_main.o
 .debug_macro   0x00002b1e       0x34 ./src/indooor_nav_main.o
 .debug_macro   0x00002b52      0x12a ./src/indooor_nav_main.o
 .debug_macro   0x00002c7c       0xc4 ./src/lsm303.o
 .debug_macro   0x00002d40       0x22 ./src/lsm303.o
 .debug_macro   0x00002d62      0x10b ./src/motor_and_encoder.o
 .debug_macro   0x00002e6d       0xe7 ./src/uart1.o
 .debug_macro   0x00002f54       0xc3 ./src/ultrasonic.o
 .debug_macro   0x00003017      0x12b C:\Users\jincy\Desktop\PROJECT\workingcode_obstacle\CMSISv2p00_LPC17xx\Debug\libCMSISv2p00_LPC17xx.a(system_LPC17xx.o)
 .debug_macro   0x00003142      0x856 C:\Users\jincy\Desktop\PROJECT\workingcode_obstacle\CMSISv2p00_LPC17xx\Debug\libCMSISv2p00_LPC17xx.a(system_LPC17xx.o)

.debug_line     0x00000000     0x1e7d
 .debug_line    0x00000000      0x1b9 ./src/cr_startup_lpc176x.o
 .debug_line    0x000001b9      0x28d ./src/display_func.o
 .debug_line    0x00000446      0x31d ./src/functions.o
 .debug_line    0x00000763      0x35b ./src/i2c.o
 .debug_line    0x00000abe      0x3dd ./src/indooor_nav_main.o
 .debug_line    0x00000e9b      0x340 ./src/lsm303.o
 .debug_line    0x000011db      0x4f9 ./src/motor_and_encoder.o
 .debug_line    0x000016d4      0x1de ./src/uart1.o
 .debug_line    0x000018b2      0x3f3 ./src/ultrasonic.o
 .debug_line    0x00001ca5      0x1d8 C:\Users\jincy\Desktop\PROJECT\workingcode_obstacle\CMSISv2p00_LPC17xx\Debug\libCMSISv2p00_LPC17xx.a(system_LPC17xx.o)

.debug_str      0x00000000     0xa3b2
 .debug_str     0x00000000     0x3c8b ./src/cr_startup_lpc176x.o
                               0x3d0a (size before relaxing)
 .debug_str     0x00003c8b     0x48ba ./src/display_func.o
                               0x8333 (size before relaxing)
 .debug_str     0x00008545      0x337 ./src/functions.o
                               0x85b5 (size before relaxing)
 .debug_str     0x0000887c      0x7e5 ./src/i2c.o
                               0x869c (size before relaxing)
 .debug_str     0x00009061      0x9d6 ./src/indooor_nav_main.o
                               0x8fa0 (size before relaxing)
 .debug_str     0x00009a37      0x1d0 ./src/lsm303.o
                               0x8b33 (size before relaxing)
 .debug_str     0x00009c07      0x175 ./src/motor_and_encoder.o
                               0x9349 (size before relaxing)
 .debug_str     0x00009d7c      0x1c1 ./src/uart1.o
                               0x802b (size before relaxing)
 .debug_str     0x00009f3d       0xa2 ./src/ultrasonic.o
                               0x9265 (size before relaxing)
 .debug_str     0x00009fdf      0x3d3 C:\Users\jincy\Desktop\PROJECT\workingcode_obstacle\CMSISv2p00_LPC17xx\Debug\libCMSISv2p00_LPC17xx.a(system_LPC17xx.o)
                               0x8038 (size before relaxing)

.comment        0x00000000       0xe0
 .comment       0x00000000       0x70 ./src/cr_startup_lpc176x.o
                                 0x71 (size before relaxing)
 .comment       0x00000000       0x71 ./src/display_func.o
 .comment       0x00000000       0x71 ./src/functions.o
 .comment       0x00000000       0x71 ./src/i2c.o
 .comment       0x00000000       0x71 ./src/indooor_nav_main.o
 .comment       0x00000000       0x71 ./src/lsm303.o
 .comment       0x00000000       0x71 ./src/motor_and_encoder.o
 .comment       0x00000000       0x71 ./src/uart1.o
 .comment       0x00000000       0x71 ./src/ultrasonic.o
 .comment       0x00000000       0x71 C:\Users\jincy\Desktop\PROJECT\workingcode_obstacle\CMSISv2p00_LPC17xx\Debug\libCMSISv2p00_LPC17xx.a(system_LPC17xx.o)
 .comment       0x00000070       0x70 c:/nxp/lpcxpresso_7.3.0_186/lpcxpresso/tools/bin/../lib/gcc/arm-none-eabi/4.8.4/../../../../arm-none-eabi/lib/armv7-m\libcr_c.a(memset.o)
                                 0x71 (size before relaxing)
 .comment       0x00000000       0x71 c:/nxp/lpcxpresso_7.3.0_186/lpcxpresso/tools/bin/../lib/gcc/arm-none-eabi/4.8.4/../../../../arm-none-eabi/lib/armv7-m\libcr_c.a(__weak__main.o)
 .comment       0x00000000       0x71 c:/nxp/lpcxpresso_7.3.0_186/lpcxpresso/tools/bin/../lib/gcc/arm-none-eabi/4.8.4/armv7-m\libcr_eabihelpers.a(double.o)

.ARM.attributes
                0x00000000       0x31
 .ARM.attributes
                0x00000000       0x33 ./src/cr_startup_lpc176x.o
 .ARM.attributes
                0x00000033       0x33 ./src/display_func.o
 .ARM.attributes
                0x00000066       0x33 ./src/functions.o
 .ARM.attributes
                0x00000099       0x33 ./src/i2c.o
 .ARM.attributes
                0x000000cc       0x33 ./src/indooor_nav_main.o
 .ARM.attributes
                0x000000ff       0x33 ./src/lsm303.o
 .ARM.attributes
                0x00000132       0x33 ./src/motor_and_encoder.o
 .ARM.attributes
                0x00000165       0x33 ./src/uart1.o
 .ARM.attributes
                0x00000198       0x33 ./src/ultrasonic.o
 .ARM.attributes
                0x000001cb       0x33 C:\Users\jincy\Desktop\PROJECT\workingcode_obstacle\CMSISv2p00_LPC17xx\Debug\libCMSISv2p00_LPC17xx.a(system_LPC17xx.o)
 .ARM.attributes
                0x000001fe       0x33 c:/nxp/lpcxpresso_7.3.0_186/lpcxpresso/tools/bin/../lib/gcc/arm-none-eabi/4.8.4/../../../../arm-none-eabi/lib/armv7-m\libcr_c.a(memset.o)
 .ARM.attributes
                0x00000231       0x33 c:/nxp/lpcxpresso_7.3.0_186/lpcxpresso/tools/bin/../lib/gcc/arm-none-eabi/4.8.4/../../../../arm-none-eabi/lib/armv7-m\libcr_c.a(__weak__main.o)
 .ARM.attributes
                0x00000264       0x33 c:/nxp/lpcxpresso_7.3.0_186/lpcxpresso/tools/bin/../lib/gcc/arm-none-eabi/4.8.4/armv7-m\libcr_eabihelpers.a(double.o)
 .ARM.attributes
                0x00000297       0x21 c:/nxp/lpcxpresso_7.3.0_186/lpcxpresso/tools/bin/../lib/gcc/arm-none-eabi/4.8.4/armv7-m\libcr_eabihelpers.a(memcpy.o)

.debug_frame    0x00000000      0x904
 .debug_frame   0x00000000       0xf0 ./src/cr_startup_lpc176x.o
 .debug_frame   0x000000f0       0xac ./src/display_func.o
 .debug_frame   0x0000019c      0x168 ./src/functions.o
 .debug_frame   0x00000304      0x12c ./src/i2c.o
 .debug_frame   0x00000430       0x30 ./src/indooor_nav_main.o
 .debug_frame   0x00000460      0x130 ./src/lsm303.o
 .debug_frame   0x00000590      0x1dc ./src/motor_and_encoder.o
 .debug_frame   0x0000076c       0x64 ./src/uart1.o
 .debug_frame   0x000007d0       0xf8 ./src/ultrasonic.o
 .debug_frame   0x000008c8       0x3c C:\Users\jincy\Desktop\PROJECT\workingcode_obstacle\CMSISv2p00_LPC17xx\Debug\libCMSISv2p00_LPC17xx.a(system_LPC17xx.o)
