Archive member included because of file (symbol)

F:\MACE_2014\NDT_2014\TEST_MAIN\TEST_ARM_V2\CMSISv2p00_LPC17xx\Debug\libCMSISv2p00_LPC17xx.a(system_LPC17xx.o)
                              ./src/cr_startup_lpc176x.o (SystemInit)
c:/nxp/lpcxpresso_6.1.4_194/lpcxpresso/tools/bin/../lib/gcc/arm-none-eabi/4.6.2/../../../../arm-none-eabi/lib/armv7-m\libcr_c.a(__weak__main.o)
                              ./src/cr_startup_lpc176x.o (__main)
c:/nxp/lpcxpresso_6.1.4_194/lpcxpresso/tools/bin/../lib/gcc/arm-none-eabi/4.6.2/armv7-m\libcr_eabihelpers.a(division.o)
                              F:\MACE_2014\NDT_2014\TEST_MAIN\TEST_ARM_V2\CMSISv2p00_LPC17xx\Debug\libCMSISv2p00_LPC17xx.a(system_LPC17xx.o) (__aeabi_uldivmod)

Discarded input sections

 .text          0x00000000        0x0 ./src/cr_startup_lpc176x.o
 .data          0x00000000        0x0 ./src/cr_startup_lpc176x.o
 .bss           0x00000000        0x0 ./src/cr_startup_lpc176x.o
 .text          0x00000000        0x0 ./src/leds.o
 .data          0x00000000        0x0 ./src/leds.o
 .bss           0x00000000        0x0 ./src/leds.o
 .text          0x00000000        0x0 ./src/main_ledflash.o
 .data          0x00000000        0x0 ./src/main_ledflash.o
 .bss           0x00000000        0x0 ./src/main_ledflash.o
 .text          0x00000000        0x0 F:\MACE_2014\NDT_2014\TEST_MAIN\TEST_ARM_V2\CMSISv2p00_LPC17xx\Debug\libCMSISv2p00_LPC17xx.a(system_LPC17xx.o)
 .data          0x00000000        0x0 F:\MACE_2014\NDT_2014\TEST_MAIN\TEST_ARM_V2\CMSISv2p00_LPC17xx\Debug\libCMSISv2p00_LPC17xx.a(system_LPC17xx.o)
 .bss           0x00000000        0x0 F:\MACE_2014\NDT_2014\TEST_MAIN\TEST_ARM_V2\CMSISv2p00_LPC17xx\Debug\libCMSISv2p00_LPC17xx.a(system_LPC17xx.o)
 .text.SystemCoreClockUpdate
                0x00000000       0xcc F:\MACE_2014\NDT_2014\TEST_MAIN\TEST_ARM_V2\CMSISv2p00_LPC17xx\Debug\libCMSISv2p00_LPC17xx.a(system_LPC17xx.o)
 .data.SystemCoreClock
                0x00000000        0x4 F:\MACE_2014\NDT_2014\TEST_MAIN\TEST_ARM_V2\CMSISv2p00_LPC17xx\Debug\libCMSISv2p00_LPC17xx.a(system_LPC17xx.o)
 .text          0x00000000        0x0 c:/nxp/lpcxpresso_6.1.4_194/lpcxpresso/tools/bin/../lib/gcc/arm-none-eabi/4.6.2/../../../../arm-none-eabi/lib/armv7-m\libcr_c.a(__weak__main.o)
 .data          0x00000000        0x0 c:/nxp/lpcxpresso_6.1.4_194/lpcxpresso/tools/bin/../lib/gcc/arm-none-eabi/4.6.2/../../../../arm-none-eabi/lib/armv7-m\libcr_c.a(__weak__main.o)
 .bss           0x00000000        0x0 c:/nxp/lpcxpresso_6.1.4_194/lpcxpresso/tools/bin/../lib/gcc/arm-none-eabi/4.6.2/../../../../arm-none-eabi/lib/armv7-m\libcr_c.a(__weak__main.o)
 .text          0x00000000        0x0 c:/nxp/lpcxpresso_6.1.4_194/lpcxpresso/tools/bin/../lib/gcc/arm-none-eabi/4.6.2/armv7-m\libcr_eabihelpers.a(division.o)
 .data          0x00000000        0x0 c:/nxp/lpcxpresso_6.1.4_194/lpcxpresso/tools/bin/../lib/gcc/arm-none-eabi/4.6.2/armv7-m\libcr_eabihelpers.a(division.o)
 .bss           0x00000000        0x0 c:/nxp/lpcxpresso_6.1.4_194/lpcxpresso/tools/bin/../lib/gcc/arm-none-eabi/4.6.2/armv7-m\libcr_eabihelpers.a(division.o)
 .text.__aeabi_division_idiv
                0x00000000       0x10 c:/nxp/lpcxpresso_6.1.4_194/lpcxpresso/tools/bin/../lib/gcc/arm-none-eabi/4.6.2/armv7-m\libcr_eabihelpers.a(division.o)
 .text.__aeabi_division_idivmod
                0x00000000       0x16 c:/nxp/lpcxpresso_6.1.4_194/lpcxpresso/tools/bin/../lib/gcc/arm-none-eabi/4.6.2/armv7-m\libcr_eabihelpers.a(division.o)
 .text.__aeabi_division_uidiv
                0x00000000       0x10 c:/nxp/lpcxpresso_6.1.4_194/lpcxpresso/tools/bin/../lib/gcc/arm-none-eabi/4.6.2/armv7-m\libcr_eabihelpers.a(division.o)
 .text.__aeabi_division_uidivmod
                0x00000000       0x16 c:/nxp/lpcxpresso_6.1.4_194/lpcxpresso/tools/bin/../lib/gcc/arm-none-eabi/4.6.2/armv7-m\libcr_eabihelpers.a(division.o)
 .text.__aeabi_division_ldivmod
                0x00000000       0x26 c:/nxp/lpcxpresso_6.1.4_194/lpcxpresso/tools/bin/../lib/gcc/arm-none-eabi/4.6.2/armv7-m\libcr_eabihelpers.a(division.o)
 .text.__aeabi_division_uldivmod
                0x00000000      0x174 c:/nxp/lpcxpresso_6.1.4_194/lpcxpresso/tools/bin/../lib/gcc/arm-none-eabi/4.6.2/armv7-m\libcr_eabihelpers.a(division.o)
 .text.__aeabi_division_idiv0
                0x00000000        0x2 c:/nxp/lpcxpresso_6.1.4_194/lpcxpresso/tools/bin/../lib/gcc/arm-none-eabi/4.6.2/armv7-m\libcr_eabihelpers.a(division.o)
 .text.__aeabi_division_ldiv0
                0x00000000        0x2 c:/nxp/lpcxpresso_6.1.4_194/lpcxpresso/tools/bin/../lib/gcc/arm-none-eabi/4.6.2/armv7-m\libcr_eabihelpers.a(division.o)

Memory Configuration

Name             Origin             Length             Attributes
MFlash512        0x00000000         0x00080000         xr
RamLoc32         0x10000000         0x00008000         xrw
RamAHB32         0x2007c000         0x00008000         xrw
*default*        0x00000000         0xffffffff

Linker script and memory map

LOAD ./src/cr_startup_lpc176x.o
LOAD ./src/leds.o
LOAD ./src/main_ledflash.o
LOAD F:\MACE_2014\NDT_2014\TEST_MAIN\TEST_ARM_V2\CMSISv2p00_LPC17xx\Debug\libCMSISv2p00_LPC17xx.a
START GROUP
LOAD c:/nxp/lpcxpresso_6.1.4_194/lpcxpresso/tools/bin/../lib/gcc/arm-none-eabi/4.6.2/../../../../arm-none-eabi/lib/armv7-m\libcr_c.a
LOAD c:/nxp/lpcxpresso_6.1.4_194/lpcxpresso/tools/bin/../lib/gcc/arm-none-eabi/4.6.2/armv7-m\libcr_eabihelpers.a
END GROUP
                0x00080000                __top_MFlash512 = 0x80000
                0x10008000                __top_RamLoc32 = 0x10008000
                0x20084000                __top_RamAHB32 = 0x20084000

.text           0x00000000      0x4ec
 FILL mask 0xff
                0x00000000                __vectors_start__ = ABSOLUTE (.)
 *(.isr_vector)
 .isr_vector    0x00000000       0xcc ./src/cr_startup_lpc176x.o
                0x00000000                g_pfnVectors
                0x000000cc                . = ALIGN (0x4)
                0x000000cc                __section_table_start = .
                0x000000cc                __data_section_table = .
                0x000000cc        0x4 LONG 0x4ec LOADADDR (.data)
                0x000000d0        0x4 LONG 0x10000000 ADDR (.data)
                0x000000d4        0x4 LONG 0x0 SIZEOF (.data)
                0x000000d8        0x4 LONG 0x4ec LOADADDR (.data_RAM2)
                0x000000dc        0x4 LONG 0x2007c000 ADDR (.data_RAM2)
                0x000000e0        0x4 LONG 0x0 SIZEOF (.data_RAM2)
                0x000000e4                __data_section_table_end = .
                0x000000e4                __bss_section_table = .
                0x000000e4        0x4 LONG 0x10000000 ADDR (.bss)
                0x000000e8        0x4 LONG 0x0 SIZEOF (.bss)
                0x000000ec        0x4 LONG 0x2007c000 ADDR (.bss_RAM2)
                0x000000f0        0x4 LONG 0x0 SIZEOF (.bss_RAM2)
                0x000000f4                __bss_section_table_end = .
                0x000000f4                __section_table_end = .
 *(.after_vectors*)
 .after_vectors
                0x000000f4       0x78 ./src/cr_startup_lpc176x.o
                0x000000f4                NMI_Handler
                0x000000f6                HardFault_Handler
                0x000000f8                MemManage_Handler
                0x000000fa                BusFault_Handler
                0x000000fc                UsageFault_Handler
                0x000000fe                SVCall_Handler
                0x00000100                DebugMon_Handler
                0x00000102                PendSV_Handler
                0x00000104                SysTick_Handler
                0x00000106                data_init
                0x00000118                bss_init
                0x00000128                ResetISR
                0x00000168                EINT2_IRQHandler
                0x00000168                UART1_IRQHandler
                0x00000168                EINT3_IRQHandler
                0x00000168                CANActivity_IRQHandler
                0x00000168                TIMER3_IRQHandler
                0x00000168                UART0_IRQHandler
                0x00000168                I2C1_IRQHandler
                0x00000168                RIT_IRQHandler
                0x00000168                IntDefaultHandler
                0x00000168                PLL0_IRQHandler
                0x00000168                I2C0_IRQHandler
                0x00000168                PLL1_IRQHandler
                0x00000168                PWM1_IRQHandler
                0x00000168                I2S_IRQHandler
                0x00000168                I2C2_IRQHandler
                0x00000168                RTC_IRQHandler
                0x00000168                TIMER0_IRQHandler
                0x00000168                SPI_IRQHandler
                0x00000168                USBActivity_IRQHandler
                0x00000168                EINT1_IRQHandler
                0x00000168                TIMER1_IRQHandler
                0x00000168                UART2_IRQHandler
                0x00000168                ADC_IRQHandler
                0x00000168                SSP1_IRQHandler
                0x00000168                USB_IRQHandler
                0x00000168                BOD_IRQHandler
                0x00000168                TIMER2_IRQHandler
                0x00000168                WDT_IRQHandler
                0x00000168                QEI_IRQHandler
                0x00000168                EINT0_IRQHandler
                0x00000168                SSP0_IRQHandler
                0x00000168                DMA_IRQHandler
                0x00000168                CAN_IRQHandler
                0x00000168                UART3_IRQHandler
                0x00000168                MCPWM_IRQHandler
                0x00000168                ENET_IRQHandler
                0x000002fc                . = 0x2fc
 *fill*         0x0000016c      0x190 ff
                0x000002fc                PROVIDE (__CRP_WORD_START__, .)
 *(.crp)
 .crp           0x000002fc        0x4 ./src/main_ledflash.o
                0x000002fc                CRP_WORD
                0x00000300                PROVIDE (__CRP_WORD_END__, .)
                0x00000001                ASSERT (! ((__CRP_WORD_START__ == __CRP_WORD_END__)), Linker CRP Enabled, but no CRP_WORD provided within application)
 *(.text*)
 .text.port_init
                0x00000300       0x7c ./src/leds.o
                0x00000300                port_init
 .text.buzzer_on
                0x0000037c       0x18 ./src/leds.o
                0x0000037c                buzzer_on
 .text.buzzer_off
                0x00000394       0x18 ./src/leds.o
                0x00000394                buzzer_off
 .text.short_delay
                0x000003ac       0x34 ./src/main_ledflash.o
                0x000003ac                short_delay
 .text.main     0x000003e0       0x24 ./src/main_ledflash.o
                0x000003e0                main
 .text.SystemInit
                0x00000404       0xe4 F:\MACE_2014\NDT_2014\TEST_MAIN\TEST_ARM_V2\CMSISv2p00_LPC17xx\Debug\libCMSISv2p00_LPC17xx.a(system_LPC17xx.o)
                0x00000404                SystemInit
 .text.__weak_main
                0x000004e8        0x4 c:/nxp/lpcxpresso_6.1.4_194/lpcxpresso/tools/bin/../lib/gcc/arm-none-eabi/4.6.2/../../../../arm-none-eabi/lib/armv7-m\libcr_c.a(__weak__main.o)
                0x000004e8                __weak_main
                0x000004e8                __main
 *(.rodata .rodata.* .constdata .constdata.*)
                0x000004ec                . = ALIGN (0x4)

.glue_7         0x000004ec        0x0
 .glue_7        0x00000000        0x0 linker stubs

.glue_7t        0x000004ec        0x0
 .glue_7t       0x00000000        0x0 linker stubs

.vfp11_veneer   0x000004ec        0x0
 .vfp11_veneer  0x00000000        0x0 linker stubs

.v4_bx          0x000004ec        0x0
 .v4_bx         0x00000000        0x0 linker stubs

.ARM.extab
 *(.ARM.extab* .gnu.linkonce.armextab.*)
                0x000004ec                __exidx_start = .

.ARM.exidx
 *(.ARM.exidx* .gnu.linkonce.armexidx.*)
                0x000004ec                __exidx_end = .
                0x000004ec                _etext = .

.data_RAM2      0x2007c000        0x0 load address 0x000004ec
 FILL mask 0xff
 *(.data.$RAM2*)
 *(.data.$RamAHB32*)
                0x2007c000                . = ALIGN (0x4)

.uninit_RESERVED
                0x10000000        0x0
 *(.bss.$RESERVED*)
                0x10000000                . = ALIGN (0x4)
                0x10000000                _end_uninit_RESERVED = .

.data           0x10000000        0x0 load address 0x000004ec
 FILL mask 0xff
                0x10000000                _data = .
 *(vtable)
 *(.data*)
                0x10000000                . = ALIGN (0x4)
                0x10000000                _edata = .

.bss_RAM2       0x2007c000        0x0
 *(.bss.$RAM2*)
 *(.bss.$RamAHB32*)
                0x2007c000                . = ALIGN (0x4)

.bss            0x10000000        0x0
                0x10000000                _bss = .
 *(.bss*)
 *(COMMON)
                0x10000000                . = ALIGN (0x4)
                0x10000000                _ebss = .
                0x10000000                PROVIDE (end, .)

.noinit_RAM2    0x2007c000        0x0
 *(.noinit.$RAM2*)
 *(.noinit.$RamAHB32*)
                0x2007c000                . = ALIGN (0x4)

.noinit         0x10000000        0x0
                0x10000000                _noinit = .
 *(.noinit*)
                0x10000000                . = ALIGN (0x4)
                0x10000000                _end_noinit = .
                0x10000000                PROVIDE (_pvHeapStart, .)
                0x10008000                PROVIDE (_vStackTop, (__top_RamLoc32 - 0x0))
OUTPUT(RDB1768cmsis2_LedFlash.axf elf32-littlearm)

.debug_info     0x00000000      0xcb8
 .debug_info    0x00000000      0x2dd ./src/cr_startup_lpc176x.o
 .debug_info    0x000002dd      0x5a9 ./src/leds.o
 .debug_info    0x00000886       0xa3 ./src/main_ledflash.o
 .debug_info    0x00000929      0x38f F:\MACE_2014\NDT_2014\TEST_MAIN\TEST_ARM_V2\CMSISv2p00_LPC17xx\Debug\libCMSISv2p00_LPC17xx.a(system_LPC17xx.o)

.debug_abbrev   0x00000000      0x367
 .debug_abbrev  0x00000000      0x12b ./src/cr_startup_lpc176x.o
 .debug_abbrev  0x0000012b       0xc0 ./src/leds.o
 .debug_abbrev  0x000001eb       0x99 ./src/main_ledflash.o
 .debug_abbrev  0x00000284       0xe3 F:\MACE_2014\NDT_2014\TEST_MAIN\TEST_ARM_V2\CMSISv2p00_LPC17xx\Debug\libCMSISv2p00_LPC17xx.a(system_LPC17xx.o)

.debug_loc      0x00000000      0x20a
 .debug_loc     0x00000000      0x102 ./src/cr_startup_lpc176x.o
 .debug_loc     0x00000102       0x84 ./src/leds.o
 .debug_loc     0x00000186       0x64 ./src/main_ledflash.o
 .debug_loc     0x000001ea       0x20 F:\MACE_2014\NDT_2014\TEST_MAIN\TEST_ARM_V2\CMSISv2p00_LPC17xx\Debug\libCMSISv2p00_LPC17xx.a(system_LPC17xx.o)

.debug_aranges  0x00000000      0x100
 .debug_aranges
                0x00000000       0x80 ./src/cr_startup_lpc176x.o
 .debug_aranges
                0x00000080       0x30 ./src/leds.o
 .debug_aranges
                0x000000b0       0x28 ./src/main_ledflash.o
 .debug_aranges
                0x000000d8       0x28 F:\MACE_2014\NDT_2014\TEST_MAIN\TEST_ARM_V2\CMSISv2p00_LPC17xx\Debug\libCMSISv2p00_LPC17xx.a(system_LPC17xx.o)

.debug_ranges   0x00000000       0xc0
 .debug_ranges  0x00000000       0x70 ./src/cr_startup_lpc176x.o
 .debug_ranges  0x00000070       0x20 ./src/leds.o
 .debug_ranges  0x00000090       0x18 ./src/main_ledflash.o
 .debug_ranges  0x000000a8       0x18 F:\MACE_2014\NDT_2014\TEST_MAIN\TEST_ARM_V2\CMSISv2p00_LPC17xx\Debug\libCMSISv2p00_LPC17xx.a(system_LPC17xx.o)

.debug_line     0x00000000      0xd12
 .debug_line    0x00000000      0x3ca ./src/cr_startup_lpc176x.o
 .debug_line    0x000003ca      0x3cd ./src/leds.o
 .debug_line    0x00000797      0x18f ./src/main_ledflash.o
 .debug_line    0x00000926      0x3ec F:\MACE_2014\NDT_2014\TEST_MAIN\TEST_ARM_V2\CMSISv2p00_LPC17xx\Debug\libCMSISv2p00_LPC17xx.a(system_LPC17xx.o)

.debug_macinfo  0x00000000    0x16be7
 .debug_macinfo
                0x00000000     0x3d45 ./src/cr_startup_lpc176x.o
 .debug_macinfo
                0x00003d45     0x824c ./src/leds.o
 .debug_macinfo
                0x0000bf91     0x2725 ./src/main_ledflash.o
 .debug_macinfo
                0x0000e6b6     0x8531 F:\MACE_2014\NDT_2014\TEST_MAIN\TEST_ARM_V2\CMSISv2p00_LPC17xx\Debug\libCMSISv2p00_LPC17xx.a(system_LPC17xx.o)

.debug_str      0x00000000      0x6f7
 .debug_str     0x00000000      0x263 ./src/cr_startup_lpc176x.o
                                0x28b (size before relaxing)
 .debug_str     0x00000263      0x295 ./src/leds.o
                                0x3a8 (size before relaxing)
 .debug_str     0x000004f8       0x31 ./src/main_ledflash.o
                                 0xd0 (size before relaxing)
 .debug_str     0x00000529      0x1ce F:\MACE_2014\NDT_2014\TEST_MAIN\TEST_ARM_V2\CMSISv2p00_LPC17xx\Debug\libCMSISv2p00_LPC17xx.a(system_LPC17xx.o)
                                0x2b8 (size before relaxing)

.comment        0x00000000       0x70
 .comment       0x00000000       0x70 ./src/cr_startup_lpc176x.o
                                 0x71 (size before relaxing)
 .comment       0x00000000       0x71 ./src/leds.o
 .comment       0x00000000       0x71 ./src/main_ledflash.o
 .comment       0x00000000       0x71 F:\MACE_2014\NDT_2014\TEST_MAIN\TEST_ARM_V2\CMSISv2p00_LPC17xx\Debug\libCMSISv2p00_LPC17xx.a(system_LPC17xx.o)
 .comment       0x00000000       0x71 c:/nxp/lpcxpresso_6.1.4_194/lpcxpresso/tools/bin/../lib/gcc/arm-none-eabi/4.6.2/../../../../arm-none-eabi/lib/armv7-m\libcr_c.a(__weak__main.o)

.ARM.attributes
                0x00000000       0x31
 .ARM.attributes
                0x00000000       0x33 ./src/cr_startup_lpc176x.o
 .ARM.attributes
                0x00000033       0x33 ./src/leds.o
 .ARM.attributes
                0x00000066       0x33 ./src/main_ledflash.o
 .ARM.attributes
                0x00000099       0x33 F:\MACE_2014\NDT_2014\TEST_MAIN\TEST_ARM_V2\CMSISv2p00_LPC17xx\Debug\libCMSISv2p00_LPC17xx.a(system_LPC17xx.o)
 .ARM.attributes
                0x000000cc       0x33 c:/nxp/lpcxpresso_6.1.4_194/lpcxpresso/tools/bin/../lib/gcc/arm-none-eabi/4.6.2/../../../../arm-none-eabi/lib/armv7-m\libcr_c.a(__weak__main.o)
 .ARM.attributes
                0x000000ff       0x21 c:/nxp/lpcxpresso_6.1.4_194/lpcxpresso/tools/bin/../lib/gcc/arm-none-eabi/4.6.2/armv7-m\libcr_eabihelpers.a(division.o)

.debug_frame    0x00000000      0x1d0
 .debug_frame   0x00000000       0xf4 ./src/cr_startup_lpc176x.o
 .debug_frame   0x000000f4       0x58 ./src/leds.o
 .debug_frame   0x0000014c       0x48 ./src/main_ledflash.o
 .debug_frame   0x00000194       0x3c F:\MACE_2014\NDT_2014\TEST_MAIN\TEST_ARM_V2\CMSISv2p00_LPC17xx\Debug\libCMSISv2p00_LPC17xx.a(system_LPC17xx.o)
