Archive member included because of file (symbol)

C:\Users\jincy\Desktop\main_project\CMSISv2p00_LPC17xx\Debug\libCMSISv2p00_LPC17xx.a(system_LPC17xx.o)
                              ./src/cr_startup_lpc176x.o (SystemInit)
c:/nxp/lpcxpresso_7.3.0_186/lpcxpresso/tools/bin/../lib/gcc/arm-none-eabi/4.8.4/../../../../arm-none-eabi/lib/armv7-m\libcr_c.a(__weak__main.o)
                              ./src/cr_startup_lpc176x.o (__main)
c:/nxp/lpcxpresso_7.3.0_186/lpcxpresso/tools/bin/../lib/gcc/arm-none-eabi/4.8.4/../../../../arm-none-eabi/lib/armv7-m\libcr_c.a(atan2.o)
                              ./src/indooor_nav_main.o (atan2)
c:/nxp/lpcxpresso_7.3.0_186/lpcxpresso/tools/bin/../lib/gcc/arm-none-eabi/4.8.4/../../../../arm-none-eabi/lib/armv7-m\libcr_c.a(errno.o)
                              c:/nxp/lpcxpresso_7.3.0_186/lpcxpresso/tools/bin/../lib/gcc/arm-none-eabi/4.8.4/../../../../arm-none-eabi/lib/armv7-m\libcr_c.a(atan2.o) (errno)
c:/nxp/lpcxpresso_7.3.0_186/lpcxpresso/tools/bin/../lib/gcc/arm-none-eabi/4.8.4/../../../../arm-none-eabi/lib/armv7-m\libcr_c.a(fabs.o)
                              c:/nxp/lpcxpresso_7.3.0_186/lpcxpresso/tools/bin/../lib/gcc/arm-none-eabi/4.8.4/../../../../arm-none-eabi/lib/armv7-m\libcr_c.a(atan2.o) (fabs)
c:/nxp/lpcxpresso_7.3.0_186/lpcxpresso/tools/bin/../lib/gcc/arm-none-eabi/4.8.4/../../../../arm-none-eabi/lib/armv7-m\libcr_c.a(_hugeval.o)
                              c:/nxp/lpcxpresso_7.3.0_186/lpcxpresso/tools/bin/../lib/gcc/arm-none-eabi/4.8.4/../../../../arm-none-eabi/lib/armv7-m\libcr_c.a(atan2.o) (__huge_val)
c:/nxp/lpcxpresso_7.3.0_186/lpcxpresso/tools/bin/../lib/gcc/arm-none-eabi/4.8.4/../../../../arm-none-eabi/lib/armv7-m\libcr_c.a(atan.o)
                              c:/nxp/lpcxpresso_7.3.0_186/lpcxpresso/tools/bin/../lib/gcc/arm-none-eabi/4.8.4/../../../../arm-none-eabi/lib/armv7-m\libcr_c.a(atan2.o) (atan)
c:/nxp/lpcxpresso_7.3.0_186/lpcxpresso/tools/bin/../lib/gcc/arm-none-eabi/4.8.4/armv7-m\libcr_eabihelpers.a(division_64.o)
                              C:\Users\jincy\Desktop\main_project\CMSISv2p00_LPC17xx\Debug\libCMSISv2p00_LPC17xx.a(system_LPC17xx.o) (__aeabi_uldivmod)
c:/nxp/lpcxpresso_7.3.0_186/lpcxpresso/tools/bin/../lib/gcc/arm-none-eabi/4.8.4/armv7-m\libcr_eabihelpers.a(division_idiv0.o)
                              c:/nxp/lpcxpresso_7.3.0_186/lpcxpresso/tools/bin/../lib/gcc/arm-none-eabi/4.8.4/armv7-m\libcr_eabihelpers.a(division_64.o) (__aeabi_idiv0)
c:/nxp/lpcxpresso_7.3.0_186/lpcxpresso/tools/bin/../lib/gcc/arm-none-eabi/4.8.4/armv7-m\libcr_eabihelpers.a(double.o)
                              ./src/indooor_nav_main.o (__aeabi_dmul)
c:/nxp/lpcxpresso_7.3.0_186/lpcxpresso/tools/bin/../lib/gcc/arm-none-eabi/4.8.4/armv7-m\libcr_eabihelpers.a(float.o)
                              ./src/indooor_nav_main.o (__aeabi_fadd)

Allocating common symbols
Common symbol       size              file

I2CReadLength       0xc               ./src/i2c.o
I2CSlaveBuffer      0xc0              ./src/i2c.o
j                   0x1               ./src/indooor_nav_main.o
i                   0x4               ./src/lsm303.o
I2CMasterBuffer     0xc0              ./src/i2c.o
I2CWriteLength      0xc               ./src/i2c.o

Discarded input sections

 .group         0x00000000        0x8 ./src/cr_startup_lpc176x.o
 .group         0x00000000        0x8 ./src/cr_startup_lpc176x.o
 .group         0x00000000        0x8 ./src/cr_startup_lpc176x.o
 .group         0x00000000        0x8 ./src/cr_startup_lpc176x.o
 .text          0x00000000        0x0 ./src/cr_startup_lpc176x.o
 .data          0x00000000        0x0 ./src/cr_startup_lpc176x.o
 .bss           0x00000000        0x0 ./src/cr_startup_lpc176x.o
 .group         0x00000000        0x8 ./src/functions.o
 .group         0x00000000        0x8 ./src/functions.o
 .group         0x00000000        0x8 ./src/functions.o
 .group         0x00000000        0x8 ./src/functions.o
 .group         0x00000000        0x8 ./src/functions.o
 .group         0x00000000        0x8 ./src/functions.o
 .group         0x00000000        0x8 ./src/functions.o
 .group         0x00000000        0x8 ./src/functions.o
 .group         0x00000000        0x8 ./src/functions.o
 .text          0x00000000        0x0 ./src/functions.o
 .data          0x00000000        0x0 ./src/functions.o
 .bss           0x00000000        0x0 ./src/functions.o
 .text.delay    0x00000000       0x28 ./src/functions.o
 .text.led_on   0x00000000       0x18 ./src/functions.o
 .text.led_off  0x00000000       0x18 ./src/functions.o
 .text.binary_to_dec
                0x00000000       0x6c ./src/functions.o
 .debug_macro   0x00000000       0x10 ./src/functions.o
 .debug_macro   0x00000000      0x122 ./src/functions.o
 .debug_macro   0x00000000      0x5b9 ./src/functions.o
 .group         0x00000000        0x8 ./src/i2c.o
 .group         0x00000000        0x8 ./src/i2c.o
 .group         0x00000000        0x8 ./src/i2c.o
 .group         0x00000000        0x8 ./src/i2c.o
 .group         0x00000000        0x8 ./src/i2c.o
 .group         0x00000000        0x8 ./src/i2c.o
 .group         0x00000000        0x8 ./src/i2c.o
 .group         0x00000000        0x8 ./src/i2c.o
 .group         0x00000000        0x8 ./src/i2c.o
 .group         0x00000000        0x8 ./src/i2c.o
 .group         0x00000000        0x8 ./src/i2c.o
 .text          0x00000000        0x0 ./src/i2c.o
 .data          0x00000000        0x0 ./src/i2c.o
 .text.I2C0Init
                0x00000000       0x68 ./src/i2c.o
 .text.I2C2Init
                0x00000000       0x80 ./src/i2c.o
 .debug_macro   0x00000000      0x856 ./src/i2c.o
 .debug_macro   0x00000000       0x2e ./src/i2c.o
 .debug_macro   0x00000000       0x10 ./src/i2c.o
 .debug_macro   0x00000000      0x122 ./src/i2c.o
 .debug_macro   0x00000000      0x5b9 ./src/i2c.o
 .debug_macro   0x00000000       0x18 ./src/i2c.o
 .debug_macro   0x00000000      0x7af ./src/i2c.o
 .group         0x00000000        0x8 ./src/indooor_nav_main.o
 .group         0x00000000        0x8 ./src/indooor_nav_main.o
 .group         0x00000000        0x8 ./src/indooor_nav_main.o
 .group         0x00000000        0x8 ./src/indooor_nav_main.o
 .group         0x00000000        0x8 ./src/indooor_nav_main.o
 .group         0x00000000        0x8 ./src/indooor_nav_main.o
 .group         0x00000000        0x8 ./src/indooor_nav_main.o
 .group         0x00000000        0x8 ./src/indooor_nav_main.o
 .group         0x00000000        0x8 ./src/indooor_nav_main.o
 .group         0x00000000        0x8 ./src/indooor_nav_main.o
 .group         0x00000000        0x8 ./src/indooor_nav_main.o
 .group         0x00000000        0x8 ./src/indooor_nav_main.o
 .group         0x00000000        0x8 ./src/indooor_nav_main.o
 .group         0x00000000        0x8 ./src/indooor_nav_main.o
 .group         0x00000000        0x8 ./src/indooor_nav_main.o
 .text          0x00000000        0x0 ./src/indooor_nav_main.o
 .data          0x00000000        0x0 ./src/indooor_nav_main.o
 .bss           0x00000000        0x0 ./src/indooor_nav_main.o
 .debug_macro   0x00000000      0x856 ./src/indooor_nav_main.o
 .debug_macro   0x00000000       0x1c ./src/indooor_nav_main.o
 .debug_macro   0x00000000       0x2e ./src/indooor_nav_main.o
 .debug_macro   0x00000000       0x10 ./src/indooor_nav_main.o
 .debug_macro   0x00000000      0x122 ./src/indooor_nav_main.o
 .debug_macro   0x00000000      0x5b9 ./src/indooor_nav_main.o
 .debug_macro   0x00000000       0x18 ./src/indooor_nav_main.o
 .debug_macro   0x00000000      0x7af ./src/indooor_nav_main.o
 .debug_macro   0x00000000      0x2c7 ./src/indooor_nav_main.o
 .debug_macro   0x00000000       0x65 ./src/indooor_nav_main.o
 .debug_macro   0x00000000       0xe2 ./src/indooor_nav_main.o
 COMMON         0x00000000        0x1 ./src/indooor_nav_main.o
 .group         0x00000000        0x8 ./src/lsm303.o
 .group         0x00000000        0x8 ./src/lsm303.o
 .group         0x00000000        0x8 ./src/lsm303.o
 .group         0x00000000        0x8 ./src/lsm303.o
 .group         0x00000000        0x8 ./src/lsm303.o
 .group         0x00000000        0x8 ./src/lsm303.o
 .group         0x00000000        0x8 ./src/lsm303.o
 .group         0x00000000        0x8 ./src/lsm303.o
 .group         0x00000000        0x8 ./src/lsm303.o
 .group         0x00000000        0x8 ./src/lsm303.o
 .group         0x00000000        0x8 ./src/lsm303.o
 .group         0x00000000        0x8 ./src/lsm303.o
 .text          0x00000000        0x0 ./src/lsm303.o
 .data          0x00000000        0x0 ./src/lsm303.o
 .bss           0x00000000        0x0 ./src/lsm303.o
 .rodata        0x00000000        0xc ./src/lsm303.o
 .debug_macro   0x00000000      0x856 ./src/lsm303.o
 .debug_macro   0x00000000       0x1c ./src/lsm303.o
 .debug_macro   0x00000000       0x2e ./src/lsm303.o
 .debug_macro   0x00000000       0x10 ./src/lsm303.o
 .debug_macro   0x00000000      0x122 ./src/lsm303.o
 .debug_macro   0x00000000      0x5b9 ./src/lsm303.o
 .debug_macro   0x00000000       0x18 ./src/lsm303.o
 .debug_macro   0x00000000      0x7af ./src/lsm303.o
 .debug_macro   0x00000000      0x2c7 ./src/lsm303.o
 .debug_macro   0x00000000       0x65 ./src/lsm303.o
 .debug_macro   0x00000000       0xe2 ./src/lsm303.o
 .debug_macro   0x00000000       0xf4 ./src/lsm303.o
 .group         0x00000000        0x8 ./src/uart1.o
 .group         0x00000000        0x8 ./src/uart1.o
 .group         0x00000000        0x8 ./src/uart1.o
 .group         0x00000000        0x8 ./src/uart1.o
 .group         0x00000000        0x8 ./src/uart1.o
 .group         0x00000000        0x8 ./src/uart1.o
 .group         0x00000000        0x8 ./src/uart1.o
 .group         0x00000000        0x8 ./src/uart1.o
 .group         0x00000000        0x8 ./src/uart1.o
 .text          0x00000000        0x0 ./src/uart1.o
 .data          0x00000000        0x0 ./src/uart1.o
 .bss           0x00000000        0x0 ./src/uart1.o
 .text.UART1_Getchar
                0x00000000       0x30 ./src/uart1.o
 .debug_macro   0x00000000      0x856 ./src/uart1.o
 .debug_macro   0x00000000       0x1c ./src/uart1.o
 .debug_macro   0x00000000       0x2e ./src/uart1.o
 .debug_macro   0x00000000       0x10 ./src/uart1.o
 .debug_macro   0x00000000      0x122 ./src/uart1.o
 .debug_macro   0x00000000      0x5b9 ./src/uart1.o
 .debug_macro   0x00000000       0x18 ./src/uart1.o
 .debug_macro   0x00000000      0x7af ./src/uart1.o
 .debug_macro   0x00000000      0x2c7 ./src/uart1.o
 .group         0x00000000        0x8 C:\Users\jincy\Desktop\main_project\CMSISv2p00_LPC17xx\Debug\libCMSISv2p00_LPC17xx.a(system_LPC17xx.o)
 .group         0x00000000        0x8 C:\Users\jincy\Desktop\main_project\CMSISv2p00_LPC17xx\Debug\libCMSISv2p00_LPC17xx.a(system_LPC17xx.o)
 .group         0x00000000        0x8 C:\Users\jincy\Desktop\main_project\CMSISv2p00_LPC17xx\Debug\libCMSISv2p00_LPC17xx.a(system_LPC17xx.o)
 .group         0x00000000        0x8 C:\Users\jincy\Desktop\main_project\CMSISv2p00_LPC17xx\Debug\libCMSISv2p00_LPC17xx.a(system_LPC17xx.o)
 .group         0x00000000        0x8 C:\Users\jincy\Desktop\main_project\CMSISv2p00_LPC17xx\Debug\libCMSISv2p00_LPC17xx.a(system_LPC17xx.o)
 .group         0x00000000        0x8 C:\Users\jincy\Desktop\main_project\CMSISv2p00_LPC17xx\Debug\libCMSISv2p00_LPC17xx.a(system_LPC17xx.o)
 .group         0x00000000        0x8 C:\Users\jincy\Desktop\main_project\CMSISv2p00_LPC17xx\Debug\libCMSISv2p00_LPC17xx.a(system_LPC17xx.o)
 .group         0x00000000        0x8 C:\Users\jincy\Desktop\main_project\CMSISv2p00_LPC17xx\Debug\libCMSISv2p00_LPC17xx.a(system_LPC17xx.o)
 .group         0x00000000        0x8 C:\Users\jincy\Desktop\main_project\CMSISv2p00_LPC17xx\Debug\libCMSISv2p00_LPC17xx.a(system_LPC17xx.o)
 .text          0x00000000        0x0 C:\Users\jincy\Desktop\main_project\CMSISv2p00_LPC17xx\Debug\libCMSISv2p00_LPC17xx.a(system_LPC17xx.o)
 .data          0x00000000        0x0 C:\Users\jincy\Desktop\main_project\CMSISv2p00_LPC17xx\Debug\libCMSISv2p00_LPC17xx.a(system_LPC17xx.o)
 .bss           0x00000000        0x0 C:\Users\jincy\Desktop\main_project\CMSISv2p00_LPC17xx\Debug\libCMSISv2p00_LPC17xx.a(system_LPC17xx.o)
 .text.SystemCoreClockUpdate
                0x00000000       0xb0 C:\Users\jincy\Desktop\main_project\CMSISv2p00_LPC17xx\Debug\libCMSISv2p00_LPC17xx.a(system_LPC17xx.o)
 .debug_macro   0x00000000       0x10 C:\Users\jincy\Desktop\main_project\CMSISv2p00_LPC17xx\Debug\libCMSISv2p00_LPC17xx.a(system_LPC17xx.o)
 .debug_macro   0x00000000      0x122 C:\Users\jincy\Desktop\main_project\CMSISv2p00_LPC17xx\Debug\libCMSISv2p00_LPC17xx.a(system_LPC17xx.o)
 .debug_macro   0x00000000      0x5b9 C:\Users\jincy\Desktop\main_project\CMSISv2p00_LPC17xx\Debug\libCMSISv2p00_LPC17xx.a(system_LPC17xx.o)
 .debug_macro   0x00000000       0x1c C:\Users\jincy\Desktop\main_project\CMSISv2p00_LPC17xx\Debug\libCMSISv2p00_LPC17xx.a(system_LPC17xx.o)
 .debug_macro   0x00000000       0x2e C:\Users\jincy\Desktop\main_project\CMSISv2p00_LPC17xx\Debug\libCMSISv2p00_LPC17xx.a(system_LPC17xx.o)
 .debug_macro   0x00000000       0x18 C:\Users\jincy\Desktop\main_project\CMSISv2p00_LPC17xx\Debug\libCMSISv2p00_LPC17xx.a(system_LPC17xx.o)
 .debug_macro   0x00000000      0x7af C:\Users\jincy\Desktop\main_project\CMSISv2p00_LPC17xx\Debug\libCMSISv2p00_LPC17xx.a(system_LPC17xx.o)
 .debug_macro   0x00000000      0x2c7 C:\Users\jincy\Desktop\main_project\CMSISv2p00_LPC17xx\Debug\libCMSISv2p00_LPC17xx.a(system_LPC17xx.o)
 .text          0x00000000        0x0 c:/nxp/lpcxpresso_7.3.0_186/lpcxpresso/tools/bin/../lib/gcc/arm-none-eabi/4.8.4/../../../../arm-none-eabi/lib/armv7-m\libcr_c.a(__weak__main.o)
 .data          0x00000000        0x0 c:/nxp/lpcxpresso_7.3.0_186/lpcxpresso/tools/bin/../lib/gcc/arm-none-eabi/4.8.4/../../../../arm-none-eabi/lib/armv7-m\libcr_c.a(__weak__main.o)
 .bss           0x00000000        0x0 c:/nxp/lpcxpresso_7.3.0_186/lpcxpresso/tools/bin/../lib/gcc/arm-none-eabi/4.8.4/../../../../arm-none-eabi/lib/armv7-m\libcr_c.a(__weak__main.o)
 .text          0x00000000        0x0 c:/nxp/lpcxpresso_7.3.0_186/lpcxpresso/tools/bin/../lib/gcc/arm-none-eabi/4.8.4/../../../../arm-none-eabi/lib/armv7-m\libcr_c.a(atan2.o)
 .data          0x00000000        0x0 c:/nxp/lpcxpresso_7.3.0_186/lpcxpresso/tools/bin/../lib/gcc/arm-none-eabi/4.8.4/../../../../arm-none-eabi/lib/armv7-m\libcr_c.a(atan2.o)
 .bss           0x00000000        0x0 c:/nxp/lpcxpresso_7.3.0_186/lpcxpresso/tools/bin/../lib/gcc/arm-none-eabi/4.8.4/../../../../arm-none-eabi/lib/armv7-m\libcr_c.a(atan2.o)
 .text          0x00000000        0x0 c:/nxp/lpcxpresso_7.3.0_186/lpcxpresso/tools/bin/../lib/gcc/arm-none-eabi/4.8.4/../../../../arm-none-eabi/lib/armv7-m\libcr_c.a(errno.o)
 .data          0x00000000        0x0 c:/nxp/lpcxpresso_7.3.0_186/lpcxpresso/tools/bin/../lib/gcc/arm-none-eabi/4.8.4/../../../../arm-none-eabi/lib/armv7-m\libcr_c.a(errno.o)
 .bss           0x00000000        0x0 c:/nxp/lpcxpresso_7.3.0_186/lpcxpresso/tools/bin/../lib/gcc/arm-none-eabi/4.8.4/../../../../arm-none-eabi/lib/armv7-m\libcr_c.a(errno.o)
 .text          0x00000000        0x0 c:/nxp/lpcxpresso_7.3.0_186/lpcxpresso/tools/bin/../lib/gcc/arm-none-eabi/4.8.4/../../../../arm-none-eabi/lib/armv7-m\libcr_c.a(fabs.o)
 .data          0x00000000        0x0 c:/nxp/lpcxpresso_7.3.0_186/lpcxpresso/tools/bin/../lib/gcc/arm-none-eabi/4.8.4/../../../../arm-none-eabi/lib/armv7-m\libcr_c.a(fabs.o)
 .bss           0x00000000        0x0 c:/nxp/lpcxpresso_7.3.0_186/lpcxpresso/tools/bin/../lib/gcc/arm-none-eabi/4.8.4/../../../../arm-none-eabi/lib/armv7-m\libcr_c.a(fabs.o)
 .text          0x00000000        0x0 c:/nxp/lpcxpresso_7.3.0_186/lpcxpresso/tools/bin/../lib/gcc/arm-none-eabi/4.8.4/../../../../arm-none-eabi/lib/armv7-m\libcr_c.a(_hugeval.o)
 .data          0x00000000        0x0 c:/nxp/lpcxpresso_7.3.0_186/lpcxpresso/tools/bin/../lib/gcc/arm-none-eabi/4.8.4/../../../../arm-none-eabi/lib/armv7-m\libcr_c.a(_hugeval.o)
 .bss           0x00000000        0x0 c:/nxp/lpcxpresso_7.3.0_186/lpcxpresso/tools/bin/../lib/gcc/arm-none-eabi/4.8.4/../../../../arm-none-eabi/lib/armv7-m\libcr_c.a(_hugeval.o)
 .rodata.__huge_vall
                0x00000000        0x8 c:/nxp/lpcxpresso_7.3.0_186/lpcxpresso/tools/bin/../lib/gcc/arm-none-eabi/4.8.4/../../../../arm-none-eabi/lib/armv7-m\libcr_c.a(_hugeval.o)
 .text          0x00000000        0x0 c:/nxp/lpcxpresso_7.3.0_186/lpcxpresso/tools/bin/../lib/gcc/arm-none-eabi/4.8.4/../../../../arm-none-eabi/lib/armv7-m\libcr_c.a(atan.o)
 .data          0x00000000        0x0 c:/nxp/lpcxpresso_7.3.0_186/lpcxpresso/tools/bin/../lib/gcc/arm-none-eabi/4.8.4/../../../../arm-none-eabi/lib/armv7-m\libcr_c.a(atan.o)
 .bss           0x00000000        0x0 c:/nxp/lpcxpresso_7.3.0_186/lpcxpresso/tools/bin/../lib/gcc/arm-none-eabi/4.8.4/../../../../arm-none-eabi/lib/armv7-m\libcr_c.a(atan.o)
 .text          0x00000000        0x0 c:/nxp/lpcxpresso_7.3.0_186/lpcxpresso/tools/bin/../lib/gcc/arm-none-eabi/4.8.4/armv7-m\libcr_eabihelpers.a(division_64.o)
 .data          0x00000000        0x0 c:/nxp/lpcxpresso_7.3.0_186/lpcxpresso/tools/bin/../lib/gcc/arm-none-eabi/4.8.4/armv7-m\libcr_eabihelpers.a(division_64.o)
 .bss           0x00000000        0x0 c:/nxp/lpcxpresso_7.3.0_186/lpcxpresso/tools/bin/../lib/gcc/arm-none-eabi/4.8.4/armv7-m\libcr_eabihelpers.a(division_64.o)
 .text.__aeabi_division_ldivmod
                0x00000000       0x26 c:/nxp/lpcxpresso_7.3.0_186/lpcxpresso/tools/bin/../lib/gcc/arm-none-eabi/4.8.4/armv7-m\libcr_eabihelpers.a(division_64.o)
 .text.__aeabi_division_uldivmod
                0x00000000      0x188 c:/nxp/lpcxpresso_7.3.0_186/lpcxpresso/tools/bin/../lib/gcc/arm-none-eabi/4.8.4/armv7-m\libcr_eabihelpers.a(division_64.o)
 .ARM.attributes
                0x00000000       0x21 c:/nxp/lpcxpresso_7.3.0_186/lpcxpresso/tools/bin/../lib/gcc/arm-none-eabi/4.8.4/armv7-m\libcr_eabihelpers.a(division_64.o)
 .text          0x00000000        0x0 c:/nxp/lpcxpresso_7.3.0_186/lpcxpresso/tools/bin/../lib/gcc/arm-none-eabi/4.8.4/armv7-m\libcr_eabihelpers.a(division_idiv0.o)
 .data          0x00000000        0x0 c:/nxp/lpcxpresso_7.3.0_186/lpcxpresso/tools/bin/../lib/gcc/arm-none-eabi/4.8.4/armv7-m\libcr_eabihelpers.a(division_idiv0.o)
 .bss           0x00000000        0x0 c:/nxp/lpcxpresso_7.3.0_186/lpcxpresso/tools/bin/../lib/gcc/arm-none-eabi/4.8.4/armv7-m\libcr_eabihelpers.a(division_idiv0.o)
 .text.__aeabi_division_idiv0
                0x00000000        0x2 c:/nxp/lpcxpresso_7.3.0_186/lpcxpresso/tools/bin/../lib/gcc/arm-none-eabi/4.8.4/armv7-m\libcr_eabihelpers.a(division_idiv0.o)
 .ARM.attributes
                0x00000000       0x21 c:/nxp/lpcxpresso_7.3.0_186/lpcxpresso/tools/bin/../lib/gcc/arm-none-eabi/4.8.4/armv7-m\libcr_eabihelpers.a(division_idiv0.o)
 .text          0x00000000        0x0 c:/nxp/lpcxpresso_7.3.0_186/lpcxpresso/tools/bin/../lib/gcc/arm-none-eabi/4.8.4/armv7-m\libcr_eabihelpers.a(double.o)
 .data          0x00000000        0x0 c:/nxp/lpcxpresso_7.3.0_186/lpcxpresso/tools/bin/../lib/gcc/arm-none-eabi/4.8.4/armv7-m\libcr_eabihelpers.a(double.o)
 .bss           0x00000000        0x0 c:/nxp/lpcxpresso_7.3.0_186/lpcxpresso/tools/bin/../lib/gcc/arm-none-eabi/4.8.4/armv7-m\libcr_eabihelpers.a(double.o)
 .text.__aeabi_drsub
                0x00000000       0x18 c:/nxp/lpcxpresso_7.3.0_186/lpcxpresso/tools/bin/../lib/gcc/arm-none-eabi/4.8.4/armv7-m\libcr_eabihelpers.a(double.o)
 .text.__aeabi_dneg
                0x00000000        0xc c:/nxp/lpcxpresso_7.3.0_186/lpcxpresso/tools/bin/../lib/gcc/arm-none-eabi/4.8.4/armv7-m\libcr_eabihelpers.a(double.o)
 .text.__aeabi_d2iz
                0x00000000       0x4c c:/nxp/lpcxpresso_7.3.0_186/lpcxpresso/tools/bin/../lib/gcc/arm-none-eabi/4.8.4/armv7-m\libcr_eabihelpers.a(double.o)
 .text.__aeabi_d2uiz
                0x00000000       0x3c c:/nxp/lpcxpresso_7.3.0_186/lpcxpresso/tools/bin/../lib/gcc/arm-none-eabi/4.8.4/armv7-m\libcr_eabihelpers.a(double.o)
 .text.__aeabi_d2lz
                0x00000000       0x78 c:/nxp/lpcxpresso_7.3.0_186/lpcxpresso/tools/bin/../lib/gcc/arm-none-eabi/4.8.4/armv7-m\libcr_eabihelpers.a(double.o)
 .text.__aeabi_d2ulz
                0x00000000       0x5c c:/nxp/lpcxpresso_7.3.0_186/lpcxpresso/tools/bin/../lib/gcc/arm-none-eabi/4.8.4/armv7-m\libcr_eabihelpers.a(double.o)
 .text.__bhs_ul2d
                0x00000000       0x90 c:/nxp/lpcxpresso_7.3.0_186/lpcxpresso/tools/bin/../lib/gcc/arm-none-eabi/4.8.4/armv7-m\libcr_eabihelpers.a(double.o)
 .text.__aeabi_ui2d
                0x00000000        0x8 c:/nxp/lpcxpresso_7.3.0_186/lpcxpresso/tools/bin/../lib/gcc/arm-none-eabi/4.8.4/armv7-m\libcr_eabihelpers.a(double.o)
 .text.__aeabi_l2d
                0x00000000       0x24 c:/nxp/lpcxpresso_7.3.0_186/lpcxpresso/tools/bin/../lib/gcc/arm-none-eabi/4.8.4/armv7-m\libcr_eabihelpers.a(double.o)
 .text.__aeabi_ul2d
                0x00000000        0x8 c:/nxp/lpcxpresso_7.3.0_186/lpcxpresso/tools/bin/../lib/gcc/arm-none-eabi/4.8.4/armv7-m\libcr_eabihelpers.a(double.o)
 .text.__aeabi_dcmple
                0x00000000       0x68 c:/nxp/lpcxpresso_7.3.0_186/lpcxpresso/tools/bin/../lib/gcc/arm-none-eabi/4.8.4/armv7-m\libcr_eabihelpers.a(double.o)
 .text.__aeabi_dcmpge
                0x00000000       0x64 c:/nxp/lpcxpresso_7.3.0_186/lpcxpresso/tools/bin/../lib/gcc/arm-none-eabi/4.8.4/armv7-m\libcr_eabihelpers.a(double.o)
 .text.__aeabi_dcmpun
                0x00000000       0x1c c:/nxp/lpcxpresso_7.3.0_186/lpcxpresso/tools/bin/../lib/gcc/arm-none-eabi/4.8.4/armv7-m\libcr_eabihelpers.a(double.o)
 .text.__aeabi_cdcmple
                0x00000000       0x30 c:/nxp/lpcxpresso_7.3.0_186/lpcxpresso/tools/bin/../lib/gcc/arm-none-eabi/4.8.4/armv7-m\libcr_eabihelpers.a(double.o)
 .text.__aeabi_cdrcmple
                0x00000000       0x14 c:/nxp/lpcxpresso_7.3.0_186/lpcxpresso/tools/bin/../lib/gcc/arm-none-eabi/4.8.4/armv7-m\libcr_eabihelpers.a(double.o)
 .text          0x00000000        0x0 c:/nxp/lpcxpresso_7.3.0_186/lpcxpresso/tools/bin/../lib/gcc/arm-none-eabi/4.8.4/armv7-m\libcr_eabihelpers.a(float.o)
 .data          0x00000000        0x0 c:/nxp/lpcxpresso_7.3.0_186/lpcxpresso/tools/bin/../lib/gcc/arm-none-eabi/4.8.4/armv7-m\libcr_eabihelpers.a(float.o)
 .bss           0x00000000        0x0 c:/nxp/lpcxpresso_7.3.0_186/lpcxpresso/tools/bin/../lib/gcc/arm-none-eabi/4.8.4/armv7-m\libcr_eabihelpers.a(float.o)
 .text.__bhs_ui2f.part.0
                0x00000000       0x20 c:/nxp/lpcxpresso_7.3.0_186/lpcxpresso/tools/bin/../lib/gcc/arm-none-eabi/4.8.4/armv7-m\libcr_eabihelpers.a(float.o)
 .text.__aeabi_fmul
                0x00000000       0xbc c:/nxp/lpcxpresso_7.3.0_186/lpcxpresso/tools/bin/../lib/gcc/arm-none-eabi/4.8.4/armv7-m\libcr_eabihelpers.a(float.o)
 .text.__aeabi_fdiv
                0x00000000       0xc0 c:/nxp/lpcxpresso_7.3.0_186/lpcxpresso/tools/bin/../lib/gcc/arm-none-eabi/4.8.4/armv7-m\libcr_eabihelpers.a(float.o)
 .text.__aeabi_frsub
                0x00000000        0xc c:/nxp/lpcxpresso_7.3.0_186/lpcxpresso/tools/bin/../lib/gcc/arm-none-eabi/4.8.4/armv7-m\libcr_eabihelpers.a(float.o)
 .text.__aeabi_fneg
                0x00000000        0x8 c:/nxp/lpcxpresso_7.3.0_186/lpcxpresso/tools/bin/../lib/gcc/arm-none-eabi/4.8.4/armv7-m\libcr_eabihelpers.a(float.o)
 .text.__aeabi_f2uiz
                0x00000000       0x28 c:/nxp/lpcxpresso_7.3.0_186/lpcxpresso/tools/bin/../lib/gcc/arm-none-eabi/4.8.4/armv7-m\libcr_eabihelpers.a(float.o)
 .text.__aeabi_f2lz
                0x00000000       0x68 c:/nxp/lpcxpresso_7.3.0_186/lpcxpresso/tools/bin/../lib/gcc/arm-none-eabi/4.8.4/armv7-m\libcr_eabihelpers.a(float.o)
 .text.__aeabi_f2ulz
                0x00000000       0x50 c:/nxp/lpcxpresso_7.3.0_186/lpcxpresso/tools/bin/../lib/gcc/arm-none-eabi/4.8.4/armv7-m\libcr_eabihelpers.a(float.o)
 .text.__bhs_ui2f
                0x00000000        0xc c:/nxp/lpcxpresso_7.3.0_186/lpcxpresso/tools/bin/../lib/gcc/arm-none-eabi/4.8.4/armv7-m\libcr_eabihelpers.a(float.o)
 .text.__bhs_ul2f
                0x00000000       0x4c c:/nxp/lpcxpresso_7.3.0_186/lpcxpresso/tools/bin/../lib/gcc/arm-none-eabi/4.8.4/armv7-m\libcr_eabihelpers.a(float.o)
 .text.__aeabi_i2f
                0x00000000       0x18 c:/nxp/lpcxpresso_7.3.0_186/lpcxpresso/tools/bin/../lib/gcc/arm-none-eabi/4.8.4/armv7-m\libcr_eabihelpers.a(float.o)
 .text.__aeabi_ui2f
                0x00000000       0x10 c:/nxp/lpcxpresso_7.3.0_186/lpcxpresso/tools/bin/../lib/gcc/arm-none-eabi/4.8.4/armv7-m\libcr_eabihelpers.a(float.o)
 .text.__aeabi_l2f
                0x00000000       0x24 c:/nxp/lpcxpresso_7.3.0_186/lpcxpresso/tools/bin/../lib/gcc/arm-none-eabi/4.8.4/armv7-m\libcr_eabihelpers.a(float.o)
 .text.__aeabi_ul2f
                0x00000000        0x8 c:/nxp/lpcxpresso_7.3.0_186/lpcxpresso/tools/bin/../lib/gcc/arm-none-eabi/4.8.4/armv7-m\libcr_eabihelpers.a(float.o)
 .text.__aeabi_fcmpeq
                0x00000000       0x20 c:/nxp/lpcxpresso_7.3.0_186/lpcxpresso/tools/bin/../lib/gcc/arm-none-eabi/4.8.4/armv7-m\libcr_eabihelpers.a(float.o)
 .text.__aeabi_fcmpgt
                0x00000000       0x3c c:/nxp/lpcxpresso_7.3.0_186/lpcxpresso/tools/bin/../lib/gcc/arm-none-eabi/4.8.4/armv7-m\libcr_eabihelpers.a(float.o)
 .text.__aeabi_fcmple
                0x00000000       0x40 c:/nxp/lpcxpresso_7.3.0_186/lpcxpresso/tools/bin/../lib/gcc/arm-none-eabi/4.8.4/armv7-m\libcr_eabihelpers.a(float.o)
 .text.__aeabi_fcmpge
                0x00000000       0x40 c:/nxp/lpcxpresso_7.3.0_186/lpcxpresso/tools/bin/../lib/gcc/arm-none-eabi/4.8.4/armv7-m\libcr_eabihelpers.a(float.o)
 .text.__aeabi_fcmpun
                0x00000000       0x1c c:/nxp/lpcxpresso_7.3.0_186/lpcxpresso/tools/bin/../lib/gcc/arm-none-eabi/4.8.4/armv7-m\libcr_eabihelpers.a(float.o)
 .text.__aeabi_cfcmple
                0x00000000       0x44 c:/nxp/lpcxpresso_7.3.0_186/lpcxpresso/tools/bin/../lib/gcc/arm-none-eabi/4.8.4/armv7-m\libcr_eabihelpers.a(float.o)
 .text.__aeabi_cfrcmple
                0x00000000        0xc c:/nxp/lpcxpresso_7.3.0_186/lpcxpresso/tools/bin/../lib/gcc/arm-none-eabi/4.8.4/armv7-m\libcr_eabihelpers.a(float.o)

Memory Configuration

Name             Origin             Length             Attributes
MFlash512        0x00000000         0x00080000         xr
RamLoc32         0x10000000         0x00008000         xrw
RamAHB32         0x2007c000         0x00008000         xrw
*default*        0x00000000         0xffffffff

Linker script and memory map

LOAD ./src/cr_startup_lpc176x.o
LOAD ./src/functions.o
LOAD ./src/i2c.o
LOAD ./src/indooor_nav_main.o
LOAD ./src/lsm303.o
LOAD ./src/uart1.o
LOAD C:\Users\jincy\Desktop\main_project\CMSISv2p00_LPC17xx\Debug\libCMSISv2p00_LPC17xx.a
START GROUP
LOAD c:/nxp/lpcxpresso_7.3.0_186/lpcxpresso/tools/bin/../lib/gcc/arm-none-eabi/4.8.4/../../../../arm-none-eabi/lib/armv7-m\libcr_c.a
LOAD c:/nxp/lpcxpresso_7.3.0_186/lpcxpresso/tools/bin/../lib/gcc/arm-none-eabi/4.8.4/armv7-m\libcr_eabihelpers.a
END GROUP
                0x00080000                __top_MFlash512 = 0x80000
                0x10008000                __top_RamLoc32 = 0x10008000
                0x20084000                __top_RamAHB32 = 0x20084000

.text           0x00000000     0x2800
 FILL mask 0xff
                0x00000000                __vectors_start__ = ABSOLUTE (.)
 *(.isr_vector)
 .isr_vector    0x00000000       0xcc ./src/cr_startup_lpc176x.o
                0x00000000                g_pfnVectors
                0x000000cc                . = ALIGN (0x4)
                0x000000cc                __section_table_start = .
                0x000000cc                __data_section_table = .
                0x000000cc        0x4 LONG 0x2800 LOADADDR (.data)
                0x000000d0        0x4 LONG 0x10000000 ADDR (.data)
                0x000000d4        0x4 LONG 0x4 SIZEOF (.data)
                0x000000d8        0x4 LONG 0x2800 LOADADDR (.data_RAM2)
                0x000000dc        0x4 LONG 0x2007c000 ADDR (.data_RAM2)
                0x000000e0        0x4 LONG 0x0 SIZEOF (.data_RAM2)
                0x000000e4                __data_section_table_end = .
                0x000000e4                __bss_section_table = .
                0x000000e4        0x4 LONG 0x10000004 ADDR (.bss)
                0x000000e8        0x4 LONG 0x1dc SIZEOF (.bss)
                0x000000ec        0x4 LONG 0x2007c000 ADDR (.bss_RAM2)
                0x000000f0        0x4 LONG 0x0 SIZEOF (.bss_RAM2)
                0x000000f4                __bss_section_table_end = .
                0x000000f4                __section_table_end = .
 *(.after_vectors*)
 .after_vectors
                0x000000f4       0x78 ./src/cr_startup_lpc176x.o
                0x000000f4                NMI_Handler
                0x000000f6                HardFault_Handler
                0x000000f8                MemManage_Handler
                0x000000fa                BusFault_Handler
                0x000000fc                UsageFault_Handler
                0x000000fe                SVCall_Handler
                0x00000100                DebugMon_Handler
                0x00000102                PendSV_Handler
                0x00000104                SysTick_Handler
                0x00000106                PWM1_IRQHandler
                0x00000106                EINT2_IRQHandler
                0x00000106                UART1_IRQHandler
                0x00000106                EINT3_IRQHandler
                0x00000106                CANActivity_IRQHandler
                0x00000106                TIMER3_IRQHandler
                0x00000106                UART0_IRQHandler
                0x00000106                MCPWM_IRQHandler
                0x00000106                RIT_IRQHandler
                0x00000106                IntDefaultHandler
                0x00000106                PLL0_IRQHandler
                0x00000106                USBActivity_IRQHandler
                0x00000106                PLL1_IRQHandler
                0x00000106                SSP0_IRQHandler
                0x00000106                I2S_IRQHandler
                0x00000106                RTC_IRQHandler
                0x00000106                TIMER0_IRQHandler
                0x00000106                SPI_IRQHandler
                0x00000106                UART3_IRQHandler
                0x00000106                EINT1_IRQHandler
                0x00000106                TIMER1_IRQHandler
                0x00000106                UART2_IRQHandler
                0x00000106                ADC_IRQHandler
                0x00000106                SSP1_IRQHandler
                0x00000106                USB_IRQHandler
                0x00000106                BOD_IRQHandler
                0x00000106                TIMER2_IRQHandler
                0x00000106                WDT_IRQHandler
                0x00000106                QEI_IRQHandler
                0x00000106                EINT0_IRQHandler
                0x00000106                CAN_IRQHandler
                0x00000106                DMA_IRQHandler
                0x00000106                ENET_IRQHandler
                0x00000108                data_init
                0x0000011a                bss_init
                0x0000012a                ResetISR
                0x000002fc                . = 0x2fc
 *fill*         0x0000016c      0x190 ff
                0x000002fc                PROVIDE (__CRP_WORD_START__, .)
 *(.crp)
 .crp           0x000002fc        0x4 ./src/indooor_nav_main.o
                0x000002fc                CRP_WORD
                0x00000300                PROVIDE (__CRP_WORD_END__, .)
                0x00000001                ASSERT (! ((__CRP_WORD_START__ == __CRP_WORD_END__)), Linker CRP Enabled, but no CRP_WORD provided within application)
 *(.text*)
 .text.port_init
                0x00000300       0x20 ./src/functions.o
                0x00000300                port_init
 .text.delay_ms
                0x00000320       0x3c ./src/functions.o
                0x00000320                delay_ms
 .text.print_dec_no_in_ascii
                0x0000035c       0xe8 ./src/functions.o
                0x0000035c                print_dec_no_in_ascii
 .text.print_string
                0x00000444       0x28 ./src/functions.o
                0x00000444                print_string
 .text.print_hex_in_ascii_16
                0x0000046c       0xe4 ./src/functions.o
                0x0000046c                print_hex_in_ascii_16
 .text.print_hex_in_ascii
                0x00000550       0xe4 ./src/functions.o
                0x00000550                print_hex_in_ascii
 .text.NVIC_EnableIRQ
                0x00000634       0x30 ./src/i2c.o
 .text.I2C0_IRQHandler
                0x00000664      0x318 ./src/i2c.o
                0x00000664                I2C0_IRQHandler
 .text.I2C1_IRQHandler
                0x0000097c      0x338 ./src/i2c.o
                0x0000097c                I2C1_IRQHandler
 .text.I2C2_IRQHandler
                0x00000cb4      0x330 ./src/i2c.o
                0x00000cb4                I2C2_IRQHandler
 .text.I2CStart
                0x00000fe4       0x7c ./src/i2c.o
                0x00000fe4                I2CStart
 .text.I2CStop  0x00001060       0x48 ./src/i2c.o
                0x00001060                I2CStop
 .text.I2C1Init
                0x000010a8       0xd0 ./src/i2c.o
                0x000010a8                I2C1Init
 .text.I2CEngine
                0x00001178       0x88 ./src/i2c.o
                0x00001178                I2CEngine
 .text.main     0x00001200      0x2fc ./src/indooor_nav_main.o
                0x00001200                main
 .text.EX_LSM303A_WRITE
                0x000014fc       0x84 ./src/lsm303.o
                0x000014fc                EX_LSM303A_WRITE
 .text.EX_LSM303A_READ
                0x00001580       0x94 ./src/lsm303.o
                0x00001580                EX_LSM303A_READ
 .text.EX_LSM303M_WRITE
                0x00001614       0x84 ./src/lsm303.o
                0x00001614                EX_LSM303M_WRITE
 .text.EX_LSM303M_READ
                0x00001698       0x94 ./src/lsm303.o
                0x00001698                EX_LSM303M_READ
 .text.LSM303_init
                0x0000172c       0x50 ./src/lsm303.o
                0x0000172c                LSM303_init
 .text.UART1_Init
                0x0000177c       0xc4 ./src/uart1.o
                0x0000177c                UART1_Init
 .text.UART1_Sendchar
                0x00001840       0x30 ./src/uart1.o
                0x00001840                UART1_Sendchar
 .text.SystemInit
                0x00001870       0xe0 C:\Users\jincy\Desktop\main_project\CMSISv2p00_LPC17xx\Debug\libCMSISv2p00_LPC17xx.a(system_LPC17xx.o)
                0x00001870                SystemInit
 .text.__weak_main
                0x00001950        0x4 c:/nxp/lpcxpresso_7.3.0_186/lpcxpresso/tools/bin/../lib/gcc/arm-none-eabi/4.8.4/../../../../arm-none-eabi/lib/armv7-m\libcr_c.a(__weak__main.o)
                0x00001950                __weak_main
                0x00001950                __main
 *fill*         0x00001954        0x4 
 .text.atan2    0x00001958      0x120 c:/nxp/lpcxpresso_7.3.0_186/lpcxpresso/tools/bin/../lib/gcc/arm-none-eabi/4.8.4/../../../../arm-none-eabi/lib/armv7-m\libcr_c.a(atan2.o)
                0x00001958                atan2
 .text.fabs     0x00001a78       0x1e c:/nxp/lpcxpresso_7.3.0_186/lpcxpresso/tools/bin/../lib/gcc/arm-none-eabi/4.8.4/../../../../arm-none-eabi/lib/armv7-m\libcr_c.a(fabs.o)
                0x00001a78                fabs
 *fill*         0x00001a96        0x2 
 .text.atan     0x00001a98      0x218 c:/nxp/lpcxpresso_7.3.0_186/lpcxpresso/tools/bin/../lib/gcc/arm-none-eabi/4.8.4/../../../../arm-none-eabi/lib/armv7-m\libcr_c.a(atan.o)
                0x00001a98                atan
 .text.__aeabi_dmul
                0x00001cb0      0x12c c:/nxp/lpcxpresso_7.3.0_186/lpcxpresso/tools/bin/../lib/gcc/arm-none-eabi/4.8.4/armv7-m\libcr_eabihelpers.a(double.o)
                0x00001cb0                __aeabi_dmul
 .text.__aeabi_ddiv
                0x00001ddc      0x16c c:/nxp/lpcxpresso_7.3.0_186/lpcxpresso/tools/bin/../lib/gcc/arm-none-eabi/4.8.4/armv7-m\libcr_eabihelpers.a(double.o)
                0x00001ddc                __aeabi_ddiv
 .text.__aeabi_dsub
                0x00001f48      0x228 c:/nxp/lpcxpresso_7.3.0_186/lpcxpresso/tools/bin/../lib/gcc/arm-none-eabi/4.8.4/armv7-m\libcr_eabihelpers.a(double.o)
                0x00001f48                __aeabi_dsub
 .text.__aeabi_dadd
                0x00002170      0x178 c:/nxp/lpcxpresso_7.3.0_186/lpcxpresso/tools/bin/../lib/gcc/arm-none-eabi/4.8.4/armv7-m\libcr_eabihelpers.a(double.o)
                0x00002170                __aeabi_dadd
 .text.__aeabi_d2f
                0x000022e8       0x58 c:/nxp/lpcxpresso_7.3.0_186/lpcxpresso/tools/bin/../lib/gcc/arm-none-eabi/4.8.4/armv7-m\libcr_eabihelpers.a(double.o)
                0x000022e8                __aeabi_d2f
 .text.__bhs_ui2d
                0x00002340       0x48 c:/nxp/lpcxpresso_7.3.0_186/lpcxpresso/tools/bin/../lib/gcc/arm-none-eabi/4.8.4/armv7-m\libcr_eabihelpers.a(double.o)
                0x00002340                __bhs_ui2d
 .text.__aeabi_i2d
                0x00002388       0x10 c:/nxp/lpcxpresso_7.3.0_186/lpcxpresso/tools/bin/../lib/gcc/arm-none-eabi/4.8.4/armv7-m\libcr_eabihelpers.a(double.o)
                0x00002388                __aeabi_i2d
 .text.__aeabi_dcmpeq
                0x00002398       0x40 c:/nxp/lpcxpresso_7.3.0_186/lpcxpresso/tools/bin/../lib/gcc/arm-none-eabi/4.8.4/armv7-m\libcr_eabihelpers.a(double.o)
                0x00002398                __aeabi_dcmpeq
 .text.__aeabi_dcmplt
                0x000023d8       0x70 c:/nxp/lpcxpresso_7.3.0_186/lpcxpresso/tools/bin/../lib/gcc/arm-none-eabi/4.8.4/armv7-m\libcr_eabihelpers.a(double.o)
                0x000023d8                __aeabi_dcmplt
 .text.__aeabi_dcmpgt
                0x00002448       0x6c c:/nxp/lpcxpresso_7.3.0_186/lpcxpresso/tools/bin/../lib/gcc/arm-none-eabi/4.8.4/armv7-m\libcr_eabihelpers.a(double.o)
                0x00002448                __aeabi_dcmpgt
 .text.__aeabi_fsub
                0x000024b4       0xfc c:/nxp/lpcxpresso_7.3.0_186/lpcxpresso/tools/bin/../lib/gcc/arm-none-eabi/4.8.4/armv7-m\libcr_eabihelpers.a(float.o)
                0x000024b4                __aeabi_fsub
 .text.__aeabi_fadd
                0x000025b0       0xb0 c:/nxp/lpcxpresso_7.3.0_186/lpcxpresso/tools/bin/../lib/gcc/arm-none-eabi/4.8.4/armv7-m\libcr_eabihelpers.a(float.o)
                0x000025b0                __aeabi_fadd
 .text.__aeabi_f2iz
                0x00002660       0x34 c:/nxp/lpcxpresso_7.3.0_186/lpcxpresso/tools/bin/../lib/gcc/arm-none-eabi/4.8.4/armv7-m\libcr_eabihelpers.a(float.o)
                0x00002660                __aeabi_f2iz
 .text.__aeabi_f2d
                0x00002694       0x44 c:/nxp/lpcxpresso_7.3.0_186/lpcxpresso/tools/bin/../lib/gcc/arm-none-eabi/4.8.4/armv7-m\libcr_eabihelpers.a(float.o)
                0x00002694                __aeabi_f2d
 .text.__aeabi_fcmplt
                0x000026d8       0x3c c:/nxp/lpcxpresso_7.3.0_186/lpcxpresso/tools/bin/../lib/gcc/arm-none-eabi/4.8.4/armv7-m\libcr_eabihelpers.a(float.o)
                0x000026d8                __aeabi_fcmplt
 *(.rodata .rodata.* .constdata .constdata.*)
 .rodata        0x00002714        0xc ./src/i2c.o
 .rodata        0x00002720       0xb4 ./src/indooor_nav_main.o
 *fill*         0x000027d4        0x4 
 .rodata.__huge_val
                0x000027d8        0x8 c:/nxp/lpcxpresso_7.3.0_186/lpcxpresso/tools/bin/../lib/gcc/arm-none-eabi/4.8.4/../../../../arm-none-eabi/lib/armv7-m\libcr_c.a(_hugeval.o)
                0x000027d8                __huge_val
 .rodata.a.3902
                0x000027e0       0x20 c:/nxp/lpcxpresso_7.3.0_186/lpcxpresso/tools/bin/../lib/gcc/arm-none-eabi/4.8.4/../../../../arm-none-eabi/lib/armv7-m\libcr_c.a(atan.o)
                0x00002800                . = ALIGN (0x4)

.glue_7         0x00002800        0x0
 .glue_7        0x00000000        0x0 linker stubs

.glue_7t        0x00002800        0x0
 .glue_7t       0x00000000        0x0 linker stubs

.vfp11_veneer   0x00002800        0x0
 .vfp11_veneer  0x00000000        0x0 linker stubs

.v4_bx          0x00002800        0x0
 .v4_bx         0x00000000        0x0 linker stubs

.iplt           0x00002800        0x0
 .iplt          0x00000000        0x0 ./src/cr_startup_lpc176x.o

.rel.dyn        0x00002800        0x0
 .rel.iplt      0x00000000        0x0 ./src/cr_startup_lpc176x.o

.ARM.extab
 *(.ARM.extab* .gnu.linkonce.armextab.*)
                0x00002800                __exidx_start = .

.ARM.exidx
 *(.ARM.exidx* .gnu.linkonce.armexidx.*)
                0x00002800                __exidx_end = .
                0x00002800                _etext = .

.data_RAM2      0x2007c000        0x0 load address 0x00002800
 FILL mask 0xff
 *(.ramfunc.$RAM2)
 *(.ramfunc.$RamAHB32)
 *(.data.$RAM2*)
 *(.data.$RamAHB32*)
                0x2007c000                . = ALIGN (0x4)

.uninit_RESERVED
                0x10000000        0x0
 *(.bss.$RESERVED*)
                0x10000000                . = ALIGN (0x4)
                0x10000000                _end_uninit_RESERVED = .

.data           0x10000000        0x4 load address 0x00002800
 FILL mask 0xff
                0x10000000                _data = .
 *(vtable)
 *(.ramfunc*)
 *(.data*)
 .data.SystemCoreClock
                0x10000000        0x4 C:\Users\jincy\Desktop\main_project\CMSISv2p00_LPC17xx\Debug\libCMSISv2p00_LPC17xx.a(system_LPC17xx.o)
                0x10000000                SystemCoreClock
                0x10000004                . = ALIGN (0x4)
                0x10000004                _edata = .

.igot.plt       0x10000004        0x0 load address 0x00002804
 .igot.plt      0x00000000        0x0 ./src/cr_startup_lpc176x.o

.bss_RAM2       0x2007c000        0x0
 *(.bss.$RAM2*)
 *(.bss.$RamAHB32*)
                0x2007c000                . = ALIGN (0x4)

.bss            0x10000004      0x1dc
                0x10000004                _bss = .
 *(.bss*)
 .bss           0x10000004       0x3c ./src/i2c.o
                0x10000004                I2CMasterState
                0x10000010                timeout
                0x1000001c                I2CCount
                0x10000028                RdIndex0
                0x1000002c                RdIndex1
                0x10000030                RdIndex2
                0x10000034                WrIndex0
                0x10000038                WrIndex1
                0x1000003c                WrIndex2
 .bss.errno     0x10000040        0x4 c:/nxp/lpcxpresso_7.3.0_186/lpcxpresso/tools/bin/../lib/gcc/arm-none-eabi/4.8.4/../../../../arm-none-eabi/lib/armv7-m\libcr_c.a(errno.o)
                0x10000040                errno
 *(COMMON)
 COMMON         0x10000044      0x198 ./src/i2c.o
                0x10000044                I2CReadLength
                0x10000050                I2CSlaveBuffer
                0x10000110                I2CMasterBuffer
                0x100001d0                I2CWriteLength
 COMMON         0x100001dc        0x4 ./src/lsm303.o
                0x100001dc                i
                0x100001e0                . = ALIGN (0x4)
                0x100001e0                _ebss = .
                0x100001e0                PROVIDE (end, .)

.noinit_RAM2    0x2007c000        0x0
 *(.noinit.$RAM2*)
 *(.noinit.$RamAHB32*)
                0x2007c000                . = ALIGN (0x4)

.noinit         0x100001e0        0x0
                0x100001e0                _noinit = .
 *(.noinit*)
                0x100001e0                . = ALIGN (0x4)
                0x100001e0                _end_noinit = .
                0x100001e0                PROVIDE (_pvHeapStart, .)
                0x10008000                PROVIDE (_vStackTop, (__top_RamLoc32 - 0x0))
OUTPUT(TEST_ARM.axf elf32-littlearm)

.debug_info     0x00000000     0x2545
 .debug_info    0x00000000      0x2be ./src/cr_startup_lpc176x.o
 .debug_info    0x000002be      0x76a ./src/functions.o
 .debug_info    0x00000a28      0xa62 ./src/i2c.o
 .debug_info    0x0000148a      0x398 ./src/indooor_nav_main.o
 .debug_info    0x00001822      0x30e ./src/lsm303.o
 .debug_info    0x00001b30      0x6fd ./src/uart1.o
 .debug_info    0x0000222d      0x318 C:\Users\jincy\Desktop\main_project\CMSISv2p00_LPC17xx\Debug\libCMSISv2p00_LPC17xx.a(system_LPC17xx.o)

.debug_abbrev   0x00000000      0x930
 .debug_abbrev  0x00000000      0x12b ./src/cr_startup_lpc176x.o
 .debug_abbrev  0x0000012b      0x155 ./src/functions.o
 .debug_abbrev  0x00000280      0x1ea ./src/i2c.o
 .debug_abbrev  0x0000046a      0x134 ./src/indooor_nav_main.o
 .debug_abbrev  0x0000059e      0x111 ./src/lsm303.o
 .debug_abbrev  0x000006af      0x19b ./src/uart1.o
 .debug_abbrev  0x0000084a       0xe6 C:\Users\jincy\Desktop\main_project\CMSISv2p00_LPC17xx\Debug\libCMSISv2p00_LPC17xx.a(system_LPC17xx.o)

.debug_loc      0x00000000      0x15f
 .debug_loc     0x00000000      0x15f ./src/cr_startup_lpc176x.o

.debug_aranges  0x00000000      0x208
 .debug_aranges
                0x00000000       0x80 ./src/cr_startup_lpc176x.o
 .debug_aranges
                0x00000080       0x68 ./src/functions.o
 .debug_aranges
                0x000000e8       0x68 ./src/i2c.o
 .debug_aranges
                0x00000150       0x20 ./src/indooor_nav_main.o
 .debug_aranges
                0x00000170       0x40 ./src/lsm303.o
 .debug_aranges
                0x000001b0       0x30 ./src/uart1.o
 .debug_aranges
                0x000001e0       0x28 C:\Users\jincy\Desktop\main_project\CMSISv2p00_LPC17xx\Debug\libCMSISv2p00_LPC17xx.a(system_LPC17xx.o)

.debug_ranges   0x00000000      0x198
 .debug_ranges  0x00000000       0x70 ./src/cr_startup_lpc176x.o
 .debug_ranges  0x00000070       0x58 ./src/functions.o
 .debug_ranges  0x000000c8       0x58 ./src/i2c.o
 .debug_ranges  0x00000120       0x10 ./src/indooor_nav_main.o
 .debug_ranges  0x00000130       0x30 ./src/lsm303.o
 .debug_ranges  0x00000160       0x20 ./src/uart1.o
 .debug_ranges  0x00000180       0x18 C:\Users\jincy\Desktop\main_project\CMSISv2p00_LPC17xx\Debug\libCMSISv2p00_LPC17xx.a(system_LPC17xx.o)

.debug_macro    0x00000000     0x3632
 .debug_macro   0x00000000       0x52 ./src/cr_startup_lpc176x.o
 .debug_macro   0x00000052      0x85c ./src/cr_startup_lpc176x.o
 .debug_macro   0x000008ae       0x10 ./src/cr_startup_lpc176x.o
 .debug_macro   0x000008be      0x122 ./src/cr_startup_lpc176x.o
 .debug_macro   0x000009e0      0x5b9 ./src/cr_startup_lpc176x.o
 .debug_macro   0x00000f99       0x79 ./src/functions.o
 .debug_macro   0x00001012      0x856 ./src/functions.o
 .debug_macro   0x00001868       0x1c ./src/functions.o
 .debug_macro   0x00001884       0x2e ./src/functions.o
 .debug_macro   0x000018b2       0x18 ./src/functions.o
 .debug_macro   0x000018ca      0x7af ./src/functions.o
 .debug_macro   0x00002079      0x2c7 ./src/functions.o
 .debug_macro   0x00002340       0x87 ./src/i2c.o
 .debug_macro   0x000023c7       0x1c ./src/i2c.o
 .debug_macro   0x000023e3      0x2c7 ./src/i2c.o
 .debug_macro   0x000026aa       0x65 ./src/i2c.o
 .debug_macro   0x0000270f       0xe2 ./src/i2c.o
 .debug_macro   0x000027f1       0xc3 ./src/indooor_nav_main.o
 .debug_macro   0x000028b4       0x82 ./src/indooor_nav_main.o
 .debug_macro   0x00002936       0x34 ./src/indooor_nav_main.o
 .debug_macro   0x0000296a       0xf4 ./src/indooor_nav_main.o
 .debug_macro   0x00002a5e       0xc4 ./src/indooor_nav_main.o
 .debug_macro   0x00002b22       0xa8 ./src/lsm303.o
 .debug_macro   0x00002bca       0xe7 ./src/uart1.o
 .debug_macro   0x00002cb1      0x12b C:\Users\jincy\Desktop\main_project\CMSISv2p00_LPC17xx\Debug\libCMSISv2p00_LPC17xx.a(system_LPC17xx.o)
 .debug_macro   0x00002ddc      0x856 C:\Users\jincy\Desktop\main_project\CMSISv2p00_LPC17xx\Debug\libCMSISv2p00_LPC17xx.a(system_LPC17xx.o)

.debug_line     0x00000000     0x109e
 .debug_line    0x00000000      0x196 ./src/cr_startup_lpc176x.o
 .debug_line    0x00000196      0x2cc ./src/functions.o
 .debug_line    0x00000462      0x34b ./src/i2c.o
 .debug_line    0x000007ad      0x2c4 ./src/indooor_nav_main.o
 .debug_line    0x00000a71      0x287 ./src/lsm303.o
 .debug_line    0x00000cf8      0x1ce ./src/uart1.o
 .debug_line    0x00000ec6      0x1d8 C:\Users\jincy\Desktop\main_project\CMSISv2p00_LPC17xx\Debug\libCMSISv2p00_LPC17xx.a(system_LPC17xx.o)

.debug_str      0x00000000     0x9e1a
 .debug_str     0x00000000     0x3c5f ./src/cr_startup_lpc176x.o
                               0x3cde (size before relaxing)
 .debug_str     0x00003c5f     0x44ef ./src/functions.o
                               0x7f1c (size before relaxing)
 .debug_str     0x0000814e      0x974 ./src/i2c.o
                               0x8678 (size before relaxing)
 .debug_str     0x00008ac2      0xd9e ./src/indooor_nav_main.o
                               0x8e5d (size before relaxing)
 .debug_str     0x00009860       0x49 ./src/lsm303.o
                               0x8419 (size before relaxing)
 .debug_str     0x000098a9      0x1c1 ./src/uart1.o
                               0x8012 (size before relaxing)
 .debug_str     0x00009a6a      0x3b0 C:\Users\jincy\Desktop\main_project\CMSISv2p00_LPC17xx\Debug\libCMSISv2p00_LPC17xx.a(system_LPC17xx.o)
                               0x8015 (size before relaxing)

.comment        0x00000000       0xe0
 .comment       0x00000000       0x70 ./src/cr_startup_lpc176x.o
                                 0x71 (size before relaxing)
 .comment       0x00000000       0x71 ./src/functions.o
 .comment       0x00000000       0x71 ./src/i2c.o
 .comment       0x00000000       0x71 ./src/indooor_nav_main.o
 .comment       0x00000000       0x71 ./src/lsm303.o
 .comment       0x00000000       0x71 ./src/uart1.o
 .comment       0x00000000       0x71 C:\Users\jincy\Desktop\main_project\CMSISv2p00_LPC17xx\Debug\libCMSISv2p00_LPC17xx.a(system_LPC17xx.o)
 .comment       0x00000070       0x70 c:/nxp/lpcxpresso_7.3.0_186/lpcxpresso/tools/bin/../lib/gcc/arm-none-eabi/4.8.4/../../../../arm-none-eabi/lib/armv7-m\libcr_c.a(__weak__main.o)
                                 0x71 (size before relaxing)
 .comment       0x00000000       0x71 c:/nxp/lpcxpresso_7.3.0_186/lpcxpresso/tools/bin/../lib/gcc/arm-none-eabi/4.8.4/../../../../arm-none-eabi/lib/armv7-m\libcr_c.a(atan2.o)
 .comment       0x00000000       0x71 c:/nxp/lpcxpresso_7.3.0_186/lpcxpresso/tools/bin/../lib/gcc/arm-none-eabi/4.8.4/../../../../arm-none-eabi/lib/armv7-m\libcr_c.a(errno.o)
 .comment       0x00000000       0x71 c:/nxp/lpcxpresso_7.3.0_186/lpcxpresso/tools/bin/../lib/gcc/arm-none-eabi/4.8.4/../../../../arm-none-eabi/lib/armv7-m\libcr_c.a(fabs.o)
 .comment       0x00000000       0x71 c:/nxp/lpcxpresso_7.3.0_186/lpcxpresso/tools/bin/../lib/gcc/arm-none-eabi/4.8.4/../../../../arm-none-eabi/lib/armv7-m\libcr_c.a(_hugeval.o)
 .comment       0x00000000       0x71 c:/nxp/lpcxpresso_7.3.0_186/lpcxpresso/tools/bin/../lib/gcc/arm-none-eabi/4.8.4/../../../../arm-none-eabi/lib/armv7-m\libcr_c.a(atan.o)
 .comment       0x00000000       0x71 c:/nxp/lpcxpresso_7.3.0_186/lpcxpresso/tools/bin/../lib/gcc/arm-none-eabi/4.8.4/armv7-m\libcr_eabihelpers.a(double.o)
 .comment       0x00000000       0x71 c:/nxp/lpcxpresso_7.3.0_186/lpcxpresso/tools/bin/../lib/gcc/arm-none-eabi/4.8.4/armv7-m\libcr_eabihelpers.a(float.o)

.ARM.attributes
                0x00000000       0x31
 .ARM.attributes
                0x00000000       0x33 ./src/cr_startup_lpc176x.o
 .ARM.attributes
                0x00000033       0x33 ./src/functions.o
 .ARM.attributes
                0x00000066       0x33 ./src/i2c.o
 .ARM.attributes
                0x00000099       0x33 ./src/indooor_nav_main.o
 .ARM.attributes
                0x000000cc       0x33 ./src/lsm303.o
 .ARM.attributes
                0x000000ff       0x33 ./src/uart1.o
 .ARM.attributes
                0x00000132       0x33 C:\Users\jincy\Desktop\main_project\CMSISv2p00_LPC17xx\Debug\libCMSISv2p00_LPC17xx.a(system_LPC17xx.o)
 .ARM.attributes
                0x00000165       0x33 c:/nxp/lpcxpresso_7.3.0_186/lpcxpresso/tools/bin/../lib/gcc/arm-none-eabi/4.8.4/../../../../arm-none-eabi/lib/armv7-m\libcr_c.a(__weak__main.o)
 .ARM.attributes
                0x00000198       0x33 c:/nxp/lpcxpresso_7.3.0_186/lpcxpresso/tools/bin/../lib/gcc/arm-none-eabi/4.8.4/../../../../arm-none-eabi/lib/armv7-m\libcr_c.a(atan2.o)
 .ARM.attributes
                0x000001cb       0x33 c:/nxp/lpcxpresso_7.3.0_186/lpcxpresso/tools/bin/../lib/gcc/arm-none-eabi/4.8.4/../../../../arm-none-eabi/lib/armv7-m\libcr_c.a(errno.o)
 .ARM.attributes
                0x000001fe       0x33 c:/nxp/lpcxpresso_7.3.0_186/lpcxpresso/tools/bin/../lib/gcc/arm-none-eabi/4.8.4/../../../../arm-none-eabi/lib/armv7-m\libcr_c.a(fabs.o)
 .ARM.attributes
                0x00000231       0x33 c:/nxp/lpcxpresso_7.3.0_186/lpcxpresso/tools/bin/../lib/gcc/arm-none-eabi/4.8.4/../../../../arm-none-eabi/lib/armv7-m\libcr_c.a(_hugeval.o)
 .ARM.attributes
                0x00000264       0x33 c:/nxp/lpcxpresso_7.3.0_186/lpcxpresso/tools/bin/../lib/gcc/arm-none-eabi/4.8.4/../../../../arm-none-eabi/lib/armv7-m\libcr_c.a(atan.o)
 .ARM.attributes
                0x00000297       0x33 c:/nxp/lpcxpresso_7.3.0_186/lpcxpresso/tools/bin/../lib/gcc/arm-none-eabi/4.8.4/armv7-m\libcr_eabihelpers.a(double.o)
 .ARM.attributes
                0x000002ca       0x33 c:/nxp/lpcxpresso_7.3.0_186/lpcxpresso/tools/bin/../lib/gcc/arm-none-eabi/4.8.4/armv7-m\libcr_eabihelpers.a(float.o)

.debug_frame    0x00000000      0x4c8
 .debug_frame   0x00000000       0xf0 ./src/cr_startup_lpc176x.o
 .debug_frame   0x000000f0      0x12c ./src/functions.o
 .debug_frame   0x0000021c      0x12c ./src/i2c.o
 .debug_frame   0x00000348       0x34 ./src/indooor_nav_main.o
 .debug_frame   0x0000037c       0xac ./src/lsm303.o
 .debug_frame   0x00000428       0x64 ./src/uart1.o
 .debug_frame   0x0000048c       0x3c C:\Users\jincy\Desktop\main_project\CMSISv2p00_LPC17xx\Debug\libCMSISv2p00_LPC17xx.a(system_LPC17xx.o)
